Archive member included to satisfy reference by file (symbol)

c:/st/stm32cubeide_1.12.0/stm32cubeide/plugins/com.st.stm32cube.ide.mcu.externaltools.gnu-tools-for-stm32.10.3-2021.10.win32_1.0.200.202301161003/tools/bin/../lib/gcc/arm-none-eabi/10.3.1/../../../../arm-none-eabi/lib/thumb/v7e-m/nofp\libc_nano.a(lib_a-errno.o)
                              ./Src/syscalls.o (__errno)
c:/st/stm32cubeide_1.12.0/stm32cubeide/plugins/com.st.stm32cube.ide.mcu.externaltools.gnu-tools-for-stm32.10.3-2021.10.win32_1.0.200.202301161003/tools/bin/../lib/gcc/arm-none-eabi/10.3.1/../../../../arm-none-eabi/lib/thumb/v7e-m/nofp\libc_nano.a(lib_a-exit.o)
                              c:/st/stm32cubeide_1.12.0/stm32cubeide/plugins/com.st.stm32cube.ide.mcu.externaltools.gnu-tools-for-stm32.10.3-2021.10.win32_1.0.200.202301161003/tools/bin/../lib/gcc/arm-none-eabi/10.3.1/../../../../arm-none-eabi/lib/thumb/v7e-m/nofp/crt0.o (exit)
c:/st/stm32cubeide_1.12.0/stm32cubeide/plugins/com.st.stm32cube.ide.mcu.externaltools.gnu-tools-for-stm32.10.3-2021.10.win32_1.0.200.202301161003/tools/bin/../lib/gcc/arm-none-eabi/10.3.1/../../../../arm-none-eabi/lib/thumb/v7e-m/nofp\libc_nano.a(lib_a-impure.o)
                              c:/st/stm32cubeide_1.12.0/stm32cubeide/plugins/com.st.stm32cube.ide.mcu.externaltools.gnu-tools-for-stm32.10.3-2021.10.win32_1.0.200.202301161003/tools/bin/../lib/gcc/arm-none-eabi/10.3.1/../../../../arm-none-eabi/lib/thumb/v7e-m/nofp\libc_nano.a(lib_a-exit.o) (_global_impure_ptr)
c:/st/stm32cubeide_1.12.0/stm32cubeide/plugins/com.st.stm32cube.ide.mcu.externaltools.gnu-tools-for-stm32.10.3-2021.10.win32_1.0.200.202301161003/tools/bin/../lib/gcc/arm-none-eabi/10.3.1/../../../../arm-none-eabi/lib/thumb/v7e-m/nofp\libc_nano.a(lib_a-init.o)
                              c:/st/stm32cubeide_1.12.0/stm32cubeide/plugins/com.st.stm32cube.ide.mcu.externaltools.gnu-tools-for-stm32.10.3-2021.10.win32_1.0.200.202301161003/tools/bin/../lib/gcc/arm-none-eabi/10.3.1/../../../../arm-none-eabi/lib/thumb/v7e-m/nofp/crt0.o (__libc_init_array)
c:/st/stm32cubeide_1.12.0/stm32cubeide/plugins/com.st.stm32cube.ide.mcu.externaltools.gnu-tools-for-stm32.10.3-2021.10.win32_1.0.200.202301161003/tools/bin/../lib/gcc/arm-none-eabi/10.3.1/../../../../arm-none-eabi/lib/thumb/v7e-m/nofp\libc_nano.a(lib_a-memset.o)
                              c:/st/stm32cubeide_1.12.0/stm32cubeide/plugins/com.st.stm32cube.ide.mcu.externaltools.gnu-tools-for-stm32.10.3-2021.10.win32_1.0.200.202301161003/tools/bin/../lib/gcc/arm-none-eabi/10.3.1/../../../../arm-none-eabi/lib/thumb/v7e-m/nofp/crt0.o (memset)

Discarded input sections

 .text          0x0000000000000000        0x0 c:/st/stm32cubeide_1.12.0/stm32cubeide/plugins/com.st.stm32cube.ide.mcu.externaltools.gnu-tools-for-stm32.10.3-2021.10.win32_1.0.200.202301161003/tools/bin/../lib/gcc/arm-none-eabi/10.3.1/thumb/v7e-m/nofp/crti.o
 .data          0x0000000000000000        0x0 c:/st/stm32cubeide_1.12.0/stm32cubeide/plugins/com.st.stm32cube.ide.mcu.externaltools.gnu-tools-for-stm32.10.3-2021.10.win32_1.0.200.202301161003/tools/bin/../lib/gcc/arm-none-eabi/10.3.1/thumb/v7e-m/nofp/crti.o
 .bss           0x0000000000000000        0x0 c:/st/stm32cubeide_1.12.0/stm32cubeide/plugins/com.st.stm32cube.ide.mcu.externaltools.gnu-tools-for-stm32.10.3-2021.10.win32_1.0.200.202301161003/tools/bin/../lib/gcc/arm-none-eabi/10.3.1/thumb/v7e-m/nofp/crti.o
 .data          0x0000000000000000        0x4 c:/st/stm32cubeide_1.12.0/stm32cubeide/plugins/com.st.stm32cube.ide.mcu.externaltools.gnu-tools-for-stm32.10.3-2021.10.win32_1.0.200.202301161003/tools/bin/../lib/gcc/arm-none-eabi/10.3.1/thumb/v7e-m/nofp/crtbegin.o
 .rodata        0x0000000000000000       0x24 c:/st/stm32cubeide_1.12.0/stm32cubeide/plugins/com.st.stm32cube.ide.mcu.externaltools.gnu-tools-for-stm32.10.3-2021.10.win32_1.0.200.202301161003/tools/bin/../lib/gcc/arm-none-eabi/10.3.1/thumb/v7e-m/nofp/crtbegin.o
 .text          0x0000000000000000       0x7c c:/st/stm32cubeide_1.12.0/stm32cubeide/plugins/com.st.stm32cube.ide.mcu.externaltools.gnu-tools-for-stm32.10.3-2021.10.win32_1.0.200.202301161003/tools/bin/../lib/gcc/arm-none-eabi/10.3.1/../../../../arm-none-eabi/lib/thumb/v7e-m/nofp/crt0.o
 .data          0x0000000000000000        0x0 c:/st/stm32cubeide_1.12.0/stm32cubeide/plugins/com.st.stm32cube.ide.mcu.externaltools.gnu-tools-for-stm32.10.3-2021.10.win32_1.0.200.202301161003/tools/bin/../lib/gcc/arm-none-eabi/10.3.1/../../../../arm-none-eabi/lib/thumb/v7e-m/nofp/crt0.o
 .bss           0x0000000000000000        0x0 c:/st/stm32cubeide_1.12.0/stm32cubeide/plugins/com.st.stm32cube.ide.mcu.externaltools.gnu-tools-for-stm32.10.3-2021.10.win32_1.0.200.202301161003/tools/bin/../lib/gcc/arm-none-eabi/10.3.1/../../../../arm-none-eabi/lib/thumb/v7e-m/nofp/crt0.o
 .ARM.extab     0x0000000000000000        0x0 c:/st/stm32cubeide_1.12.0/stm32cubeide/plugins/com.st.stm32cube.ide.mcu.externaltools.gnu-tools-for-stm32.10.3-2021.10.win32_1.0.200.202301161003/tools/bin/../lib/gcc/arm-none-eabi/10.3.1/../../../../arm-none-eabi/lib/thumb/v7e-m/nofp/crt0.o
 .ARM.exidx     0x0000000000000000       0x10 c:/st/stm32cubeide_1.12.0/stm32cubeide/plugins/com.st.stm32cube.ide.mcu.externaltools.gnu-tools-for-stm32.10.3-2021.10.win32_1.0.200.202301161003/tools/bin/../lib/gcc/arm-none-eabi/10.3.1/../../../../arm-none-eabi/lib/thumb/v7e-m/nofp/crt0.o
 .ARM.attributes
                0x0000000000000000       0x1c c:/st/stm32cubeide_1.12.0/stm32cubeide/plugins/com.st.stm32cube.ide.mcu.externaltools.gnu-tools-for-stm32.10.3-2021.10.win32_1.0.200.202301161003/tools/bin/../lib/gcc/arm-none-eabi/10.3.1/../../../../arm-none-eabi/lib/thumb/v7e-m/nofp/crt0.o
 .group         0x0000000000000000        0xc ./Drivers/Src/stm32f407xx_gpio_driver.o
 .group         0x0000000000000000        0xc ./Drivers/Src/stm32f407xx_gpio_driver.o
 .group         0x0000000000000000        0xc ./Drivers/Src/stm32f407xx_gpio_driver.o
 .group         0x0000000000000000        0xc ./Drivers/Src/stm32f407xx_gpio_driver.o
 .group         0x0000000000000000        0xc ./Drivers/Src/stm32f407xx_gpio_driver.o
 .group         0x0000000000000000        0xc ./Drivers/Src/stm32f407xx_gpio_driver.o
 .group         0x0000000000000000        0xc ./Drivers/Src/stm32f407xx_gpio_driver.o
 .group         0x0000000000000000        0xc ./Drivers/Src/stm32f407xx_gpio_driver.o
 .group         0x0000000000000000        0xc ./Drivers/Src/stm32f407xx_gpio_driver.o
 .group         0x0000000000000000        0xc ./Drivers/Src/stm32f407xx_gpio_driver.o
 .group         0x0000000000000000        0xc ./Drivers/Src/stm32f407xx_gpio_driver.o
 .group         0x0000000000000000        0xc ./Drivers/Src/stm32f407xx_gpio_driver.o
 .group         0x0000000000000000        0xc ./Drivers/Src/stm32f407xx_gpio_driver.o
 .text          0x0000000000000000        0x0 ./Drivers/Src/stm32f407xx_gpio_driver.o
 .data          0x0000000000000000        0x0 ./Drivers/Src/stm32f407xx_gpio_driver.o
 .bss           0x0000000000000000        0x0 ./Drivers/Src/stm32f407xx_gpio_driver.o
 .text.GPIO_PeriClockControl
                0x0000000000000000      0x108 ./Drivers/Src/stm32f407xx_gpio_driver.o
 .text.GPIO_Init
                0x0000000000000000      0x338 ./Drivers/Src/stm32f407xx_gpio_driver.o
 .text.GPIO_DeInit
                0x0000000000000000      0x16c ./Drivers/Src/stm32f407xx_gpio_driver.o
 .text.GPIO_ReadFromInputPin
                0x0000000000000000       0x2a ./Drivers/Src/stm32f407xx_gpio_driver.o
 .text.GPIO_ReadFromInputPort
                0x0000000000000000       0x1a ./Drivers/Src/stm32f407xx_gpio_driver.o
 .text.GPIO_WriteToOutputPin
                0x0000000000000000       0x48 ./Drivers/Src/stm32f407xx_gpio_driver.o
 .text.GPIO_WriteToOutputPort
                0x0000000000000000       0x1c ./Drivers/Src/stm32f407xx_gpio_driver.o
 .text.GPIO_ToggleOutputPin
                0x0000000000000000       0x28 ./Drivers/Src/stm32f407xx_gpio_driver.o
 .text.GPIO_IRQInterruptConfig
                0x0000000000000000      0x108 ./Drivers/Src/stm32f407xx_gpio_driver.o
 .text.GPIO_IRQPriorityConfig
                0x0000000000000000       0x52 ./Drivers/Src/stm32f407xx_gpio_driver.o
 .text.GPIO_IRQHandling
                0x0000000000000000       0x40 ./Drivers/Src/stm32f407xx_gpio_driver.o
 .debug_info    0x0000000000000000      0x7bd ./Drivers/Src/stm32f407xx_gpio_driver.o
 .debug_abbrev  0x0000000000000000      0x173 ./Drivers/Src/stm32f407xx_gpio_driver.o
 .debug_aranges
                0x0000000000000000       0x70 ./Drivers/Src/stm32f407xx_gpio_driver.o
 .debug_ranges  0x0000000000000000       0x60 ./Drivers/Src/stm32f407xx_gpio_driver.o
 .debug_macro   0x0000000000000000       0xc2 ./Drivers/Src/stm32f407xx_gpio_driver.o
 .debug_macro   0x0000000000000000      0xa78 ./Drivers/Src/stm32f407xx_gpio_driver.o
 .debug_macro   0x0000000000000000      0x174 ./Drivers/Src/stm32f407xx_gpio_driver.o
 .debug_macro   0x0000000000000000       0x22 ./Drivers/Src/stm32f407xx_gpio_driver.o
 .debug_macro   0x0000000000000000       0x8e ./Drivers/Src/stm32f407xx_gpio_driver.o
 .debug_macro   0x0000000000000000       0x51 ./Drivers/Src/stm32f407xx_gpio_driver.o
 .debug_macro   0x0000000000000000      0x103 ./Drivers/Src/stm32f407xx_gpio_driver.o
 .debug_macro   0x0000000000000000       0x6a ./Drivers/Src/stm32f407xx_gpio_driver.o
 .debug_macro   0x0000000000000000      0x1df ./Drivers/Src/stm32f407xx_gpio_driver.o
 .debug_macro   0x0000000000000000      0x674 ./Drivers/Src/stm32f407xx_gpio_driver.o
 .debug_macro   0x0000000000000000       0xbe ./Drivers/Src/stm32f407xx_gpio_driver.o
 .debug_macro   0x0000000000000000       0xd6 ./Drivers/Src/stm32f407xx_gpio_driver.o
 .debug_macro   0x0000000000000000      0x108 ./Drivers/Src/stm32f407xx_gpio_driver.o
 .debug_macro   0x0000000000000000       0xc4 ./Drivers/Src/stm32f407xx_gpio_driver.o
 .debug_line    0x0000000000000000      0x9cd ./Drivers/Src/stm32f407xx_gpio_driver.o
 .debug_str     0x0000000000000000     0x6a9e ./Drivers/Src/stm32f407xx_gpio_driver.o
 .comment       0x0000000000000000       0x51 ./Drivers/Src/stm32f407xx_gpio_driver.o
 .debug_frame   0x0000000000000000      0x1c8 ./Drivers/Src/stm32f407xx_gpio_driver.o
 .ARM.attributes
                0x0000000000000000       0x2e ./Drivers/Src/stm32f407xx_gpio_driver.o
 .group         0x0000000000000000        0xc ./Drivers/Src/stm32f407xx_i2c_driver.o
 .group         0x0000000000000000        0xc ./Drivers/Src/stm32f407xx_i2c_driver.o
 .group         0x0000000000000000        0xc ./Drivers/Src/stm32f407xx_i2c_driver.o
 .group         0x0000000000000000        0xc ./Drivers/Src/stm32f407xx_i2c_driver.o
 .group         0x0000000000000000        0xc ./Drivers/Src/stm32f407xx_i2c_driver.o
 .group         0x0000000000000000        0xc ./Drivers/Src/stm32f407xx_i2c_driver.o
 .group         0x0000000000000000        0xc ./Drivers/Src/stm32f407xx_i2c_driver.o
 .group         0x0000000000000000        0xc ./Drivers/Src/stm32f407xx_i2c_driver.o
 .group         0x0000000000000000        0xc ./Drivers/Src/stm32f407xx_i2c_driver.o
 .group         0x0000000000000000        0xc ./Drivers/Src/stm32f407xx_i2c_driver.o
 .group         0x0000000000000000        0xc ./Drivers/Src/stm32f407xx_i2c_driver.o
 .group         0x0000000000000000        0xc ./Drivers/Src/stm32f407xx_i2c_driver.o
 .group         0x0000000000000000        0xc ./Drivers/Src/stm32f407xx_i2c_driver.o
 .text          0x0000000000000000        0x0 ./Drivers/Src/stm32f407xx_i2c_driver.o
 .data          0x0000000000000000        0x0 ./Drivers/Src/stm32f407xx_i2c_driver.o
 .bss           0x0000000000000000        0x0 ./Drivers/Src/stm32f407xx_i2c_driver.o
 .text.I2C_GenerateStartCondition
                0x0000000000000000       0x1e ./Drivers/Src/stm32f407xx_i2c_driver.o
 .text.I2C_ExecuteAddressPhaseWrite
                0x0000000000000000       0x2a ./Drivers/Src/stm32f407xx_i2c_driver.o
 .text.I2C_ExecuteAddressPhaseRead
                0x0000000000000000       0x2a ./Drivers/Src/stm32f407xx_i2c_driver.o
 .text.I2C_ClearADDRFlag
                0x0000000000000000       0x6e ./Drivers/Src/stm32f407xx_i2c_driver.o
 .text.I2C_GenerateStopCondition
                0x0000000000000000       0x1e ./Drivers/Src/stm32f407xx_i2c_driver.o
 .text.I2C_SlaveEnableDisableCallbackEvents
                0x0000000000000000       0x66 ./Drivers/Src/stm32f407xx_i2c_driver.o
 .text.I2C_PeripheralControl
                0x0000000000000000       0x36 ./Drivers/Src/stm32f407xx_i2c_driver.o
 .text.I2C_PeriClockControl
                0x0000000000000000       0x6c ./Drivers/Src/stm32f407xx_i2c_driver.o
 .text.I2C_Init
                0x0000000000000000      0x164 ./Drivers/Src/stm32f407xx_i2c_driver.o
 .text.I2C_DeInit
                0x0000000000000000       0x12 ./Drivers/Src/stm32f407xx_i2c_driver.o
 .text.I2C_GetFlagStatus
                0x0000000000000000       0x26 ./Drivers/Src/stm32f407xx_i2c_driver.o
 .text.I2C_MasterSendData
                0x0000000000000000       0xc6 ./Drivers/Src/stm32f407xx_i2c_driver.o
 .text.I2C_MasterReceiveData
                0x0000000000000000      0x124 ./Drivers/Src/stm32f407xx_i2c_driver.o
 .text.I2C_ManageAcking
                0x0000000000000000       0x36 ./Drivers/Src/stm32f407xx_i2c_driver.o
 .text.I2C_IRQInterruptConfig
                0x0000000000000000      0x108 ./Drivers/Src/stm32f407xx_i2c_driver.o
 .text.I2C_IRQPriorityConfig
                0x0000000000000000       0x52 ./Drivers/Src/stm32f407xx_i2c_driver.o
 .text.I2C_MasterSendDataIT
                0x0000000000000000       0x86 ./Drivers/Src/stm32f407xx_i2c_driver.o
 .text.I2C_MasterReceiveDataIT
                0x0000000000000000       0x94 ./Drivers/Src/stm32f407xx_i2c_driver.o
 .text.I2C_MasterHandleTXEInterrupt
                0x0000000000000000       0x3a ./Drivers/Src/stm32f407xx_i2c_driver.o
 .text.I2C_MasterHandleRXNEInterrupt
                0x0000000000000000       0x98 ./Drivers/Src/stm32f407xx_i2c_driver.o
 .text.I2C_CloseReceiveData
                0x0000000000000000       0x5c ./Drivers/Src/stm32f407xx_i2c_driver.o
 .text.I2C_CloseSendData
                0x0000000000000000       0x44 ./Drivers/Src/stm32f407xx_i2c_driver.o
 .text.I2C_SlaveSendData
                0x0000000000000000       0x1c ./Drivers/Src/stm32f407xx_i2c_driver.o
 .text.I2C_SlaveReceiveData
                0x0000000000000000       0x18 ./Drivers/Src/stm32f407xx_i2c_driver.o
 .text.I2C_EV_IRQHandling
                0x0000000000000000      0x1b8 ./Drivers/Src/stm32f407xx_i2c_driver.o
 .text.I2C_ER_IRQHandling
                0x0000000000000000      0x10c ./Drivers/Src/stm32f407xx_i2c_driver.o
 .debug_info    0x0000000000000000      0xad6 ./Drivers/Src/stm32f407xx_i2c_driver.o
 .debug_abbrev  0x0000000000000000      0x25b ./Drivers/Src/stm32f407xx_i2c_driver.o
 .debug_aranges
                0x0000000000000000       0xe8 ./Drivers/Src/stm32f407xx_i2c_driver.o
 .debug_ranges  0x0000000000000000       0xd8 ./Drivers/Src/stm32f407xx_i2c_driver.o
 .debug_macro   0x0000000000000000       0xc2 ./Drivers/Src/stm32f407xx_i2c_driver.o
 .debug_macro   0x0000000000000000      0xa78 ./Drivers/Src/stm32f407xx_i2c_driver.o
 .debug_macro   0x0000000000000000      0x174 ./Drivers/Src/stm32f407xx_i2c_driver.o
 .debug_macro   0x0000000000000000       0x22 ./Drivers/Src/stm32f407xx_i2c_driver.o
 .debug_macro   0x0000000000000000       0x8e ./Drivers/Src/stm32f407xx_i2c_driver.o
 .debug_macro   0x0000000000000000       0x51 ./Drivers/Src/stm32f407xx_i2c_driver.o
 .debug_macro   0x0000000000000000      0x103 ./Drivers/Src/stm32f407xx_i2c_driver.o
 .debug_macro   0x0000000000000000       0x6a ./Drivers/Src/stm32f407xx_i2c_driver.o
 .debug_macro   0x0000000000000000      0x1df ./Drivers/Src/stm32f407xx_i2c_driver.o
 .debug_macro   0x0000000000000000      0x674 ./Drivers/Src/stm32f407xx_i2c_driver.o
 .debug_macro   0x0000000000000000       0xc4 ./Drivers/Src/stm32f407xx_i2c_driver.o
 .debug_macro   0x0000000000000000       0xc4 ./Drivers/Src/stm32f407xx_i2c_driver.o
 .debug_macro   0x0000000000000000      0x108 ./Drivers/Src/stm32f407xx_i2c_driver.o
 .debug_macro   0x0000000000000000       0xd0 ./Drivers/Src/stm32f407xx_i2c_driver.o
 .debug_line    0x0000000000000000      0xcf0 ./Drivers/Src/stm32f407xx_i2c_driver.o
 .debug_str     0x0000000000000000     0x6be4 ./Drivers/Src/stm32f407xx_i2c_driver.o
 .comment       0x0000000000000000       0x51 ./Drivers/Src/stm32f407xx_i2c_driver.o
 .debug_frame   0x0000000000000000      0x3f8 ./Drivers/Src/stm32f407xx_i2c_driver.o
 .ARM.attributes
                0x0000000000000000       0x2e ./Drivers/Src/stm32f407xx_i2c_driver.o
 .group         0x0000000000000000        0xc ./Drivers/Src/stm32f407xx_rcc_driver.o
 .group         0x0000000000000000        0xc ./Drivers/Src/stm32f407xx_rcc_driver.o
 .group         0x0000000000000000        0xc ./Drivers/Src/stm32f407xx_rcc_driver.o
 .group         0x0000000000000000        0xc ./Drivers/Src/stm32f407xx_rcc_driver.o
 .group         0x0000000000000000        0xc ./Drivers/Src/stm32f407xx_rcc_driver.o
 .group         0x0000000000000000        0xc ./Drivers/Src/stm32f407xx_rcc_driver.o
 .group         0x0000000000000000        0xc ./Drivers/Src/stm32f407xx_rcc_driver.o
 .group         0x0000000000000000        0xc ./Drivers/Src/stm32f407xx_rcc_driver.o
 .group         0x0000000000000000        0xc ./Drivers/Src/stm32f407xx_rcc_driver.o
 .group         0x0000000000000000        0xc ./Drivers/Src/stm32f407xx_rcc_driver.o
 .group         0x0000000000000000        0xc ./Drivers/Src/stm32f407xx_rcc_driver.o
 .group         0x0000000000000000        0xc ./Drivers/Src/stm32f407xx_rcc_driver.o
 .group         0x0000000000000000        0xc ./Drivers/Src/stm32f407xx_rcc_driver.o
 .text          0x0000000000000000        0x0 ./Drivers/Src/stm32f407xx_rcc_driver.o
 .data          0x0000000000000000        0x0 ./Drivers/Src/stm32f407xx_rcc_driver.o
 .bss           0x0000000000000000        0x0 ./Drivers/Src/stm32f407xx_rcc_driver.o
 .data.AHB_PreScaler
                0x0000000000000000       0x10 ./Drivers/Src/stm32f407xx_rcc_driver.o
 .data.APB1_PreScaler
                0x0000000000000000        0x4 ./Drivers/Src/stm32f407xx_rcc_driver.o
 .text.RCC_GetPCLK1Value
                0x0000000000000000       0xb0 ./Drivers/Src/stm32f407xx_rcc_driver.o
 .text.RCC_GetPCLK2Value
                0x0000000000000000       0xa0 ./Drivers/Src/stm32f407xx_rcc_driver.o
 .text.RCC_GetPLLOutputClock
                0x0000000000000000        0xe ./Drivers/Src/stm32f407xx_rcc_driver.o
 .debug_info    0x0000000000000000      0x3e3 ./Drivers/Src/stm32f407xx_rcc_driver.o
 .debug_abbrev  0x0000000000000000      0x111 ./Drivers/Src/stm32f407xx_rcc_driver.o
 .debug_aranges
                0x0000000000000000       0x30 ./Drivers/Src/stm32f407xx_rcc_driver.o
 .debug_ranges  0x0000000000000000       0x20 ./Drivers/Src/stm32f407xx_rcc_driver.o
 .debug_macro   0x0000000000000000       0xbc ./Drivers/Src/stm32f407xx_rcc_driver.o
 .debug_macro   0x0000000000000000      0xa78 ./Drivers/Src/stm32f407xx_rcc_driver.o
 .debug_macro   0x0000000000000000      0x174 ./Drivers/Src/stm32f407xx_rcc_driver.o
 .debug_macro   0x0000000000000000       0x22 ./Drivers/Src/stm32f407xx_rcc_driver.o
 .debug_macro   0x0000000000000000       0x8e ./Drivers/Src/stm32f407xx_rcc_driver.o
 .debug_macro   0x0000000000000000       0x51 ./Drivers/Src/stm32f407xx_rcc_driver.o
 .debug_macro   0x0000000000000000      0x103 ./Drivers/Src/stm32f407xx_rcc_driver.o
 .debug_macro   0x0000000000000000       0x6a ./Drivers/Src/stm32f407xx_rcc_driver.o
 .debug_macro   0x0000000000000000      0x1df ./Drivers/Src/stm32f407xx_rcc_driver.o
 .debug_macro   0x0000000000000000      0x674 ./Drivers/Src/stm32f407xx_rcc_driver.o
 .debug_macro   0x0000000000000000       0xc4 ./Drivers/Src/stm32f407xx_rcc_driver.o
 .debug_macro   0x0000000000000000       0xc4 ./Drivers/Src/stm32f407xx_rcc_driver.o
 .debug_macro   0x0000000000000000       0xd6 ./Drivers/Src/stm32f407xx_rcc_driver.o
 .debug_macro   0x0000000000000000      0x108 ./Drivers/Src/stm32f407xx_rcc_driver.o
 .debug_line    0x0000000000000000      0x562 ./Drivers/Src/stm32f407xx_rcc_driver.o
 .debug_str     0x0000000000000000     0x68a8 ./Drivers/Src/stm32f407xx_rcc_driver.o
 .comment       0x0000000000000000       0x51 ./Drivers/Src/stm32f407xx_rcc_driver.o
 .debug_frame   0x0000000000000000       0x7c ./Drivers/Src/stm32f407xx_rcc_driver.o
 .ARM.attributes
                0x0000000000000000       0x2e ./Drivers/Src/stm32f407xx_rcc_driver.o
 .group         0x0000000000000000        0xc ./Drivers/Src/stm32f407xx_spi_driver.o
 .group         0x0000000000000000        0xc ./Drivers/Src/stm32f407xx_spi_driver.o
 .group         0x0000000000000000        0xc ./Drivers/Src/stm32f407xx_spi_driver.o
 .group         0x0000000000000000        0xc ./Drivers/Src/stm32f407xx_spi_driver.o
 .group         0x0000000000000000        0xc ./Drivers/Src/stm32f407xx_spi_driver.o
 .group         0x0000000000000000        0xc ./Drivers/Src/stm32f407xx_spi_driver.o
 .group         0x0000000000000000        0xc ./Drivers/Src/stm32f407xx_spi_driver.o
 .group         0x0000000000000000        0xc ./Drivers/Src/stm32f407xx_spi_driver.o
 .group         0x0000000000000000        0xc ./Drivers/Src/stm32f407xx_spi_driver.o
 .group         0x0000000000000000        0xc ./Drivers/Src/stm32f407xx_spi_driver.o
 .group         0x0000000000000000        0xc ./Drivers/Src/stm32f407xx_spi_driver.o
 .group         0x0000000000000000        0xc ./Drivers/Src/stm32f407xx_spi_driver.o
 .group         0x0000000000000000        0xc ./Drivers/Src/stm32f407xx_spi_driver.o
 .text          0x0000000000000000        0x0 ./Drivers/Src/stm32f407xx_spi_driver.o
 .data          0x0000000000000000        0x0 ./Drivers/Src/stm32f407xx_spi_driver.o
 .bss           0x0000000000000000        0x0 ./Drivers/Src/stm32f407xx_spi_driver.o
 .text.SPI_PeriClockControl
                0x0000000000000000       0x6c ./Drivers/Src/stm32f407xx_spi_driver.o
 .text.SPI_Init
                0x0000000000000000       0xb6 ./Drivers/Src/stm32f407xx_spi_driver.o
 .text.SPI_DeInit
                0x0000000000000000       0x12 ./Drivers/Src/stm32f407xx_spi_driver.o
 .text.SPI_GetFlagStatus
                0x0000000000000000       0x26 ./Drivers/Src/stm32f407xx_spi_driver.o
 .text.SPI_SendData
                0x0000000000000000       0x6e ./Drivers/Src/stm32f407xx_spi_driver.o
 .text.SPI_ReceiveData
                0x0000000000000000       0x6e ./Drivers/Src/stm32f407xx_spi_driver.o
 .text.SPI_PeripheralControl
                0x0000000000000000       0x36 ./Drivers/Src/stm32f407xx_spi_driver.o
 .text.SPI_SSIConfig
                0x0000000000000000       0x36 ./Drivers/Src/stm32f407xx_spi_driver.o
 .text.SPI_SSOEConfig
                0x0000000000000000       0x36 ./Drivers/Src/stm32f407xx_spi_driver.o
 .text.SPI_IRQInterruptConfig
                0x0000000000000000      0x108 ./Drivers/Src/stm32f407xx_spi_driver.o
 .text.SPI_IRQPriorityConfig
                0x0000000000000000       0x52 ./Drivers/Src/stm32f407xx_spi_driver.o
 .text.SPI_SendDataIT
                0x0000000000000000       0x46 ./Drivers/Src/stm32f407xx_spi_driver.o
 .text.SPI_ReceiveDataIT
                0x0000000000000000       0x46 ./Drivers/Src/stm32f407xx_spi_driver.o
 .text.SPI_IRQHandling
                0x0000000000000000       0x9a ./Drivers/Src/stm32f407xx_spi_driver.o
 .text.spi_txe_interrupt_handle
                0x0000000000000000       0x80 ./Drivers/Src/stm32f407xx_spi_driver.o
 .text.spi_rxne_interrupt_handle
                0x0000000000000000       0x84 ./Drivers/Src/stm32f407xx_spi_driver.o
 .text.spi_ovr_err_interrupt_handle
                0x0000000000000000       0x30 ./Drivers/Src/stm32f407xx_spi_driver.o
 .text.SPI_CloseTransmisson
                0x0000000000000000       0x34 ./Drivers/Src/stm32f407xx_spi_driver.o
 .text.SPI_CloseReception
                0x0000000000000000       0x34 ./Drivers/Src/stm32f407xx_spi_driver.o
 .text.SPI_ClearOVRFlag
                0x0000000000000000       0x1e ./Drivers/Src/stm32f407xx_spi_driver.o
 .text.SPI_ApplicationEventCallback
                0x0000000000000000       0x16 ./Drivers/Src/stm32f407xx_spi_driver.o
 .debug_info    0x0000000000000000      0x907 ./Drivers/Src/stm32f407xx_spi_driver.o
 .debug_abbrev  0x0000000000000000      0x1d5 ./Drivers/Src/stm32f407xx_spi_driver.o
 .debug_aranges
                0x0000000000000000       0xc0 ./Drivers/Src/stm32f407xx_spi_driver.o
 .debug_ranges  0x0000000000000000       0xb0 ./Drivers/Src/stm32f407xx_spi_driver.o
 .debug_macro   0x0000000000000000       0xc2 ./Drivers/Src/stm32f407xx_spi_driver.o
 .debug_macro   0x0000000000000000      0xa78 ./Drivers/Src/stm32f407xx_spi_driver.o
 .debug_macro   0x0000000000000000      0x174 ./Drivers/Src/stm32f407xx_spi_driver.o
 .debug_macro   0x0000000000000000       0x22 ./Drivers/Src/stm32f407xx_spi_driver.o
 .debug_macro   0x0000000000000000       0x8e ./Drivers/Src/stm32f407xx_spi_driver.o
 .debug_macro   0x0000000000000000       0x51 ./Drivers/Src/stm32f407xx_spi_driver.o
 .debug_macro   0x0000000000000000      0x103 ./Drivers/Src/stm32f407xx_spi_driver.o
 .debug_macro   0x0000000000000000       0x6a ./Drivers/Src/stm32f407xx_spi_driver.o
 .debug_macro   0x0000000000000000      0x1df ./Drivers/Src/stm32f407xx_spi_driver.o
 .debug_macro   0x0000000000000000      0x674 ./Drivers/Src/stm32f407xx_spi_driver.o
 .debug_macro   0x0000000000000000       0xc4 ./Drivers/Src/stm32f407xx_spi_driver.o
 .debug_macro   0x0000000000000000       0xd6 ./Drivers/Src/stm32f407xx_spi_driver.o
 .debug_macro   0x0000000000000000      0x108 ./Drivers/Src/stm32f407xx_spi_driver.o
 .debug_macro   0x0000000000000000       0xbe ./Drivers/Src/stm32f407xx_spi_driver.o
 .debug_line    0x0000000000000000      0x985 ./Drivers/Src/stm32f407xx_spi_driver.o
 .debug_str     0x0000000000000000     0x6af3 ./Drivers/Src/stm32f407xx_spi_driver.o
 .comment       0x0000000000000000       0x51 ./Drivers/Src/stm32f407xx_spi_driver.o
 .debug_frame   0x0000000000000000      0x33c ./Drivers/Src/stm32f407xx_spi_driver.o
 .ARM.attributes
                0x0000000000000000       0x2e ./Drivers/Src/stm32f407xx_spi_driver.o
 .group         0x0000000000000000        0xc ./Drivers/Src/stm32f407xx_usart_driver.o
 .group         0x0000000000000000        0xc ./Drivers/Src/stm32f407xx_usart_driver.o
 .group         0x0000000000000000        0xc ./Drivers/Src/stm32f407xx_usart_driver.o
 .group         0x0000000000000000        0xc ./Drivers/Src/stm32f407xx_usart_driver.o
 .group         0x0000000000000000        0xc ./Drivers/Src/stm32f407xx_usart_driver.o
 .group         0x0000000000000000        0xc ./Drivers/Src/stm32f407xx_usart_driver.o
 .group         0x0000000000000000        0xc ./Drivers/Src/stm32f407xx_usart_driver.o
 .group         0x0000000000000000        0xc ./Drivers/Src/stm32f407xx_usart_driver.o
 .group         0x0000000000000000        0xc ./Drivers/Src/stm32f407xx_usart_driver.o
 .group         0x0000000000000000        0xc ./Drivers/Src/stm32f407xx_usart_driver.o
 .group         0x0000000000000000        0xc ./Drivers/Src/stm32f407xx_usart_driver.o
 .group         0x0000000000000000        0xc ./Drivers/Src/stm32f407xx_usart_driver.o
 .group         0x0000000000000000        0xc ./Drivers/Src/stm32f407xx_usart_driver.o
 .text          0x0000000000000000        0x0 ./Drivers/Src/stm32f407xx_usart_driver.o
 .data          0x0000000000000000        0x0 ./Drivers/Src/stm32f407xx_usart_driver.o
 .bss           0x0000000000000000        0x0 ./Drivers/Src/stm32f407xx_usart_driver.o
 .text.USART_SetBaudRate
                0x0000000000000000       0xe4 ./Drivers/Src/stm32f407xx_usart_driver.o
 .text.USART_Init
                0x0000000000000000      0x106 ./Drivers/Src/stm32f407xx_usart_driver.o
 .text.USART_PeripheralControl
                0x0000000000000000       0x36 ./Drivers/Src/stm32f407xx_usart_driver.o
 .text.USART_PeriClockControl
                0x0000000000000000       0x88 ./Drivers/Src/stm32f407xx_usart_driver.o
 .text.USART_GetFlagStatus
                0x0000000000000000       0x28 ./Drivers/Src/stm32f407xx_usart_driver.o
 .text.USART_SendData
                0x0000000000000000       0x9c ./Drivers/Src/stm32f407xx_usart_driver.o
 .text.USART_ReceiveData
                0x0000000000000000       0xb0 ./Drivers/Src/stm32f407xx_usart_driver.o
 .text.USART_SendDataIT
                0x0000000000000000       0x5a ./Drivers/Src/stm32f407xx_usart_driver.o
 .text.USART_ReceiveDataIT
                0x0000000000000000       0x50 ./Drivers/Src/stm32f407xx_usart_driver.o
 .text.USART_ClearFlag
                0x0000000000000000       0x24 ./Drivers/Src/stm32f407xx_usart_driver.o
 .text.USART_IRQInterruptConfig
                0x0000000000000000      0x108 ./Drivers/Src/stm32f407xx_usart_driver.o
 .text.USART_IRQPriorityConfig
                0x0000000000000000       0x52 ./Drivers/Src/stm32f407xx_usart_driver.o
 .text.USART_IRQHandling
                0x0000000000000000      0x344 ./Drivers/Src/stm32f407xx_usart_driver.o
 .text.USART_ApplicationEventCallback
                0x0000000000000000       0x16 ./Drivers/Src/stm32f407xx_usart_driver.o
 .debug_info    0x0000000000000000      0x87f ./Drivers/Src/stm32f407xx_usart_driver.o
 .debug_abbrev  0x0000000000000000      0x1fd ./Drivers/Src/stm32f407xx_usart_driver.o
 .debug_aranges
                0x0000000000000000       0x88 ./Drivers/Src/stm32f407xx_usart_driver.o
 .debug_ranges  0x0000000000000000       0x78 ./Drivers/Src/stm32f407xx_usart_driver.o
 .debug_macro   0x0000000000000000       0xc2 ./Drivers/Src/stm32f407xx_usart_driver.o
 .debug_macro   0x0000000000000000      0xa78 ./Drivers/Src/stm32f407xx_usart_driver.o
 .debug_macro   0x0000000000000000      0x174 ./Drivers/Src/stm32f407xx_usart_driver.o
 .debug_macro   0x0000000000000000       0x22 ./Drivers/Src/stm32f407xx_usart_driver.o
 .debug_macro   0x0000000000000000       0x8e ./Drivers/Src/stm32f407xx_usart_driver.o
 .debug_macro   0x0000000000000000       0x51 ./Drivers/Src/stm32f407xx_usart_driver.o
 .debug_macro   0x0000000000000000      0x103 ./Drivers/Src/stm32f407xx_usart_driver.o
 .debug_macro   0x0000000000000000       0x6a ./Drivers/Src/stm32f407xx_usart_driver.o
 .debug_macro   0x0000000000000000      0x1df ./Drivers/Src/stm32f407xx_usart_driver.o
 .debug_macro   0x0000000000000000      0x674 ./Drivers/Src/stm32f407xx_usart_driver.o
 .debug_macro   0x0000000000000000       0xc4 ./Drivers/Src/stm32f407xx_usart_driver.o
 .debug_macro   0x0000000000000000       0xc4 ./Drivers/Src/stm32f407xx_usart_driver.o
 .debug_macro   0x0000000000000000       0xd6 ./Drivers/Src/stm32f407xx_usart_driver.o
 .debug_macro   0x0000000000000000      0x102 ./Drivers/Src/stm32f407xx_usart_driver.o
 .debug_line    0x0000000000000000      0xab7 ./Drivers/Src/stm32f407xx_usart_driver.o
 .debug_str     0x0000000000000000     0x6add ./Drivers/Src/stm32f407xx_usart_driver.o
 .comment       0x0000000000000000       0x51 ./Drivers/Src/stm32f407xx_usart_driver.o
 .debug_frame   0x0000000000000000      0x230 ./Drivers/Src/stm32f407xx_usart_driver.o
 .ARM.attributes
                0x0000000000000000       0x2e ./Drivers/Src/stm32f407xx_usart_driver.o
 .group         0x0000000000000000        0xc ./Src/syscalls.o
 .group         0x0000000000000000        0xc ./Src/syscalls.o
 .group         0x0000000000000000        0xc ./Src/syscalls.o
 .group         0x0000000000000000        0xc ./Src/syscalls.o
 .group         0x0000000000000000        0xc ./Src/syscalls.o
 .group         0x0000000000000000        0xc ./Src/syscalls.o
 .group         0x0000000000000000        0xc ./Src/syscalls.o
 .group         0x0000000000000000        0xc ./Src/syscalls.o
 .group         0x0000000000000000        0xc ./Src/syscalls.o
 .group         0x0000000000000000        0xc ./Src/syscalls.o
 .group         0x0000000000000000        0xc ./Src/syscalls.o
 .group         0x0000000000000000        0xc ./Src/syscalls.o
 .group         0x0000000000000000        0xc ./Src/syscalls.o
 .group         0x0000000000000000        0xc ./Src/syscalls.o
 .group         0x0000000000000000        0xc ./Src/syscalls.o
 .group         0x0000000000000000        0xc ./Src/syscalls.o
 .group         0x0000000000000000        0xc ./Src/syscalls.o
 .group         0x0000000000000000        0xc ./Src/syscalls.o
 .group         0x0000000000000000        0xc ./Src/syscalls.o
 .group         0x0000000000000000        0xc ./Src/syscalls.o
 .group         0x0000000000000000        0xc ./Src/syscalls.o
 .group         0x0000000000000000        0xc ./Src/syscalls.o
 .group         0x0000000000000000        0xc ./Src/syscalls.o
 .group         0x0000000000000000        0xc ./Src/syscalls.o
 .group         0x0000000000000000        0xc ./Src/syscalls.o
 .group         0x0000000000000000        0xc ./Src/syscalls.o
 .group         0x0000000000000000        0xc ./Src/syscalls.o
 .group         0x0000000000000000        0xc ./Src/syscalls.o
 .group         0x0000000000000000        0xc ./Src/syscalls.o
 .group         0x0000000000000000        0xc ./Src/syscalls.o
 .group         0x0000000000000000        0xc ./Src/syscalls.o
 .group         0x0000000000000000        0xc ./Src/syscalls.o
 .group         0x0000000000000000        0xc ./Src/syscalls.o
 .group         0x0000000000000000        0xc ./Src/syscalls.o
 .group         0x0000000000000000        0xc ./Src/syscalls.o
 .group         0x0000000000000000        0xc ./Src/syscalls.o
 .group         0x0000000000000000        0xc ./Src/syscalls.o
 .group         0x0000000000000000        0xc ./Src/syscalls.o
 .group         0x0000000000000000        0xc ./Src/syscalls.o
 .group         0x0000000000000000        0xc ./Src/syscalls.o
 .group         0x0000000000000000        0xc ./Src/syscalls.o
 .group         0x0000000000000000        0xc ./Src/syscalls.o
 .group         0x0000000000000000        0xc ./Src/syscalls.o
 .group         0x0000000000000000        0xc ./Src/syscalls.o
 .group         0x0000000000000000        0xc ./Src/syscalls.o
 .group         0x0000000000000000        0xc ./Src/syscalls.o
 .group         0x0000000000000000        0xc ./Src/syscalls.o
 .text          0x0000000000000000        0x0 ./Src/syscalls.o
 .data          0x0000000000000000        0x0 ./Src/syscalls.o
 .bss           0x0000000000000000        0x0 ./Src/syscalls.o
 .text.ITM_SendChar
                0x0000000000000000       0x4c ./Src/syscalls.o
 .bss.__env     0x0000000000000000        0x4 ./Src/syscalls.o
 .data.environ  0x0000000000000000        0x4 ./Src/syscalls.o
 .text.initialise_monitor_handles
                0x0000000000000000        0xc ./Src/syscalls.o
 .text._getpid  0x0000000000000000        0xe ./Src/syscalls.o
 .text._kill    0x0000000000000000       0x20 ./Src/syscalls.o
 .text._exit    0x0000000000000000       0x14 ./Src/syscalls.o
 .text._read    0x0000000000000000       0x3a ./Src/syscalls.o
 .text._write   0x0000000000000000       0x38 ./Src/syscalls.o
 .text._close   0x0000000000000000       0x16 ./Src/syscalls.o
 .text._fstat   0x0000000000000000       0x1e ./Src/syscalls.o
 .text._isatty  0x0000000000000000       0x14 ./Src/syscalls.o
 .text._lseek   0x0000000000000000       0x18 ./Src/syscalls.o
 .text._open    0x0000000000000000       0x1a ./Src/syscalls.o
 .text._wait    0x0000000000000000       0x1e ./Src/syscalls.o
 .text._unlink  0x0000000000000000       0x1e ./Src/syscalls.o
 .text._times   0x0000000000000000       0x16 ./Src/syscalls.o
 .text._stat    0x0000000000000000       0x1e ./Src/syscalls.o
 .text._link    0x0000000000000000       0x20 ./Src/syscalls.o
 .text._fork    0x0000000000000000       0x16 ./Src/syscalls.o
 .text._execve  0x0000000000000000       0x22 ./Src/syscalls.o
 .debug_info    0x0000000000000000      0x70f ./Src/syscalls.o
 .debug_abbrev  0x0000000000000000      0x1af ./Src/syscalls.o
 .debug_aranges
                0x0000000000000000       0xb0 ./Src/syscalls.o
 .debug_ranges  0x0000000000000000       0xa0 ./Src/syscalls.o
 .debug_macro   0x0000000000000000      0x25e ./Src/syscalls.o
 .debug_macro   0x0000000000000000      0xa78 ./Src/syscalls.o
 .debug_macro   0x0000000000000000       0x22 ./Src/syscalls.o
 .debug_macro   0x0000000000000000       0x4c ./Src/syscalls.o
 .debug_macro   0x0000000000000000       0x18 ./Src/syscalls.o
 .debug_macro   0x0000000000000000       0x94 ./Src/syscalls.o
 .debug_macro   0x0000000000000000       0x3c ./Src/syscalls.o
 .debug_macro   0x0000000000000000       0x34 ./Src/syscalls.o
 .debug_macro   0x0000000000000000       0x57 ./Src/syscalls.o
 .debug_macro   0x0000000000000000      0x174 ./Src/syscalls.o
 .debug_macro   0x0000000000000000      0x341 ./Src/syscalls.o
 .debug_macro   0x0000000000000000       0x16 ./Src/syscalls.o
 .debug_macro   0x0000000000000000       0x43 ./Src/syscalls.o
 .debug_macro   0x0000000000000000       0x34 ./Src/syscalls.o
 .debug_macro   0x0000000000000000       0x10 ./Src/syscalls.o
 .debug_macro   0x0000000000000000       0x58 ./Src/syscalls.o
 .debug_macro   0x0000000000000000       0x71 ./Src/syscalls.o
 .debug_macro   0x0000000000000000       0x1c ./Src/syscalls.o
 .debug_macro   0x0000000000000000      0x12a ./Src/syscalls.o
 .debug_macro   0x0000000000000000       0x10 ./Src/syscalls.o
 .debug_macro   0x0000000000000000       0x35 ./Src/syscalls.o
 .debug_macro   0x0000000000000000       0x10 ./Src/syscalls.o
 .debug_macro   0x0000000000000000       0x10 ./Src/syscalls.o
 .debug_macro   0x0000000000000000       0x10 ./Src/syscalls.o
 .debug_macro   0x0000000000000000       0x6a ./Src/syscalls.o
 .debug_macro   0x0000000000000000       0x1c ./Src/syscalls.o
 .debug_macro   0x0000000000000000       0x52 ./Src/syscalls.o
 .debug_macro   0x0000000000000000       0x22 ./Src/syscalls.o
 .debug_macro   0x0000000000000000       0x10 ./Src/syscalls.o
 .debug_macro   0x0000000000000000       0x52 ./Src/syscalls.o
 .debug_macro   0x0000000000000000       0xd5 ./Src/syscalls.o
 .debug_macro   0x0000000000000000       0x1c ./Src/syscalls.o
 .debug_macro   0x0000000000000000       0x3d ./Src/syscalls.o
 .debug_macro   0x0000000000000000       0x35 ./Src/syscalls.o
 .debug_macro   0x0000000000000000      0x12c ./Src/syscalls.o
 .debug_macro   0x0000000000000000       0x16 ./Src/syscalls.o
 .debug_macro   0x0000000000000000       0x16 ./Src/syscalls.o
 .debug_macro   0x0000000000000000       0x29 ./Src/syscalls.o
 .debug_macro   0x0000000000000000       0x10 ./Src/syscalls.o
 .debug_macro   0x0000000000000000      0x241 ./Src/syscalls.o
 .debug_macro   0x0000000000000000       0x1c ./Src/syscalls.o
 .debug_macro   0x0000000000000000       0x10 ./Src/syscalls.o
 .debug_macro   0x0000000000000000       0x10 ./Src/syscalls.o
 .debug_macro   0x0000000000000000       0x16 ./Src/syscalls.o
 .debug_macro   0x0000000000000000      0x145 ./Src/syscalls.o
 .debug_macro   0x0000000000000000      0x189 ./Src/syscalls.o
 .debug_macro   0x0000000000000000       0x16 ./Src/syscalls.o
 .debug_macro   0x0000000000000000       0xce ./Src/syscalls.o
 .debug_line    0x0000000000000000      0x82e ./Src/syscalls.o
 .debug_str     0x0000000000000000     0x8afc ./Src/syscalls.o
 .comment       0x0000000000000000       0x51 ./Src/syscalls.o
 .debug_frame   0x0000000000000000      0x2d4 ./Src/syscalls.o
 .ARM.attributes
                0x0000000000000000       0x2e ./Src/syscalls.o
 .group         0x0000000000000000        0xc ./Src/sysmem.o
 .group         0x0000000000000000        0xc ./Src/sysmem.o
 .group         0x0000000000000000        0xc ./Src/sysmem.o
 .group         0x0000000000000000        0xc ./Src/sysmem.o
 .group         0x0000000000000000        0xc ./Src/sysmem.o
 .group         0x0000000000000000        0xc ./Src/sysmem.o
 .group         0x0000000000000000        0xc ./Src/sysmem.o
 .group         0x0000000000000000        0xc ./Src/sysmem.o
 .group         0x0000000000000000        0xc ./Src/sysmem.o
 .group         0x0000000000000000        0xc ./Src/sysmem.o
 .group         0x0000000000000000        0xc ./Src/sysmem.o
 .group         0x0000000000000000        0xc ./Src/sysmem.o
 .group         0x0000000000000000        0xc ./Src/sysmem.o
 .group         0x0000000000000000        0xc ./Src/sysmem.o
 .group         0x0000000000000000        0xc ./Src/sysmem.o
 .group         0x0000000000000000        0xc ./Src/sysmem.o
 .group         0x0000000000000000        0xc ./Src/sysmem.o
 .group         0x0000000000000000        0xc ./Src/sysmem.o
 .group         0x0000000000000000        0xc ./Src/sysmem.o
 .group         0x0000000000000000        0xc ./Src/sysmem.o
 .group         0x0000000000000000        0xc ./Src/sysmem.o
 .group         0x0000000000000000        0xc ./Src/sysmem.o
 .text          0x0000000000000000        0x0 ./Src/sysmem.o
 .data          0x0000000000000000        0x0 ./Src/sysmem.o
 .bss           0x0000000000000000        0x0 ./Src/sysmem.o
 .bss.__sbrk_heap_end
                0x0000000000000000        0x4 ./Src/sysmem.o
 .text._sbrk    0x0000000000000000       0x6c ./Src/sysmem.o
 .debug_info    0x0000000000000000      0x171 ./Src/sysmem.o
 .debug_abbrev  0x0000000000000000       0xbb ./Src/sysmem.o
 .debug_aranges
                0x0000000000000000       0x20 ./Src/sysmem.o
 .debug_ranges  0x0000000000000000       0x10 ./Src/sysmem.o
 .debug_macro   0x0000000000000000       0xff ./Src/sysmem.o
 .debug_macro   0x0000000000000000      0xa78 ./Src/sysmem.o
 .debug_macro   0x0000000000000000       0x10 ./Src/sysmem.o
 .debug_macro   0x0000000000000000       0x22 ./Src/sysmem.o
 .debug_macro   0x0000000000000000       0x4c ./Src/sysmem.o
 .debug_macro   0x0000000000000000       0x18 ./Src/sysmem.o
 .debug_macro   0x0000000000000000       0x94 ./Src/sysmem.o
 .debug_macro   0x0000000000000000       0x3c ./Src/sysmem.o
 .debug_macro   0x0000000000000000       0x34 ./Src/sysmem.o
 .debug_macro   0x0000000000000000      0x174 ./Src/sysmem.o
 .debug_macro   0x0000000000000000       0x16 ./Src/sysmem.o
 .debug_macro   0x0000000000000000       0x43 ./Src/sysmem.o
 .debug_macro   0x0000000000000000       0x57 ./Src/sysmem.o
 .debug_macro   0x0000000000000000       0x34 ./Src/sysmem.o
 .debug_macro   0x0000000000000000       0x10 ./Src/sysmem.o
 .debug_macro   0x0000000000000000       0x58 ./Src/sysmem.o
 .debug_macro   0x0000000000000000       0x71 ./Src/sysmem.o
 .debug_macro   0x0000000000000000       0x1c ./Src/sysmem.o
 .debug_macro   0x0000000000000000      0x12a ./Src/sysmem.o
 .debug_macro   0x0000000000000000      0x23b ./Src/sysmem.o
 .debug_macro   0x0000000000000000      0x103 ./Src/sysmem.o
 .debug_macro   0x0000000000000000       0x6a ./Src/sysmem.o
 .debug_macro   0x0000000000000000      0x1df ./Src/sysmem.o
 .debug_line    0x0000000000000000      0x4ef ./Src/sysmem.o
 .debug_str     0x0000000000000000     0x5d8a ./Src/sysmem.o
 .comment       0x0000000000000000       0x51 ./Src/sysmem.o
 .debug_frame   0x0000000000000000       0x34 ./Src/sysmem.o
 .ARM.attributes
                0x0000000000000000       0x2e ./Src/sysmem.o
 .text          0x0000000000000000       0x14 ./Startup/startup_stm32.o
 .data          0x0000000000000000        0x0 ./Startup/startup_stm32.o
 .bss           0x0000000000000000        0x0 ./Startup/startup_stm32.o
 .group         0x0000000000000000        0xc ./Startup/sysmem.o
 .group         0x0000000000000000        0xc ./Startup/sysmem.o
 .group         0x0000000000000000        0xc ./Startup/sysmem.o
 .group         0x0000000000000000        0xc ./Startup/sysmem.o
 .group         0x0000000000000000        0xc ./Startup/sysmem.o
 .group         0x0000000000000000        0xc ./Startup/sysmem.o
 .group         0x0000000000000000        0xc ./Startup/sysmem.o
 .group         0x0000000000000000        0xc ./Startup/sysmem.o
 .group         0x0000000000000000        0xc ./Startup/sysmem.o
 .group         0x0000000000000000        0xc ./Startup/sysmem.o
 .group         0x0000000000000000        0xc ./Startup/sysmem.o
 .group         0x0000000000000000        0xc ./Startup/sysmem.o
 .group         0x0000000000000000        0xc ./Startup/sysmem.o
 .group         0x0000000000000000        0xc ./Startup/sysmem.o
 .group         0x0000000000000000        0xc ./Startup/sysmem.o
 .group         0x0000000000000000        0xc ./Startup/sysmem.o
 .group         0x0000000000000000        0xc ./Startup/sysmem.o
 .group         0x0000000000000000        0xc ./Startup/sysmem.o
 .group         0x0000000000000000        0xc ./Startup/sysmem.o
 .group         0x0000000000000000        0xc ./Startup/sysmem.o
 .group         0x0000000000000000        0xc ./Startup/sysmem.o
 .group         0x0000000000000000        0xc ./Startup/sysmem.o
 .group         0x0000000000000000        0xc ./Startup/sysmem.o
 .group         0x0000000000000000        0xc ./Startup/sysmem.o
 .group         0x0000000000000000        0xc ./Startup/sysmem.o
 .group         0x0000000000000000        0xc ./Startup/sysmem.o
 .group         0x0000000000000000        0xc ./Startup/sysmem.o
 .group         0x0000000000000000        0xc ./Startup/sysmem.o
 .group         0x0000000000000000        0xc ./Startup/sysmem.o
 .group         0x0000000000000000        0xc ./Startup/sysmem.o
 .group         0x0000000000000000        0xc ./Startup/sysmem.o
 .group         0x0000000000000000        0xc ./Startup/sysmem.o
 .group         0x0000000000000000        0xc ./Startup/sysmem.o
 .group         0x0000000000000000        0xc ./Startup/sysmem.o
 .group         0x0000000000000000        0xc ./Startup/sysmem.o
 .text          0x0000000000000000        0x0 ./Startup/sysmem.o
 .data          0x0000000000000000        0x0 ./Startup/sysmem.o
 .bss           0x0000000000000000        0x0 ./Startup/sysmem.o
 .debug_info    0x0000000000000000       0x88 ./Startup/sysmem.o
 .debug_abbrev  0x0000000000000000       0x43 ./Startup/sysmem.o
 .debug_aranges
                0x0000000000000000       0x18 ./Startup/sysmem.o
 .debug_macro   0x0000000000000000      0x1b1 ./Startup/sysmem.o
 .debug_macro   0x0000000000000000      0xa78 ./Startup/sysmem.o
 .debug_macro   0x0000000000000000       0x10 ./Startup/sysmem.o
 .debug_macro   0x0000000000000000       0x22 ./Startup/sysmem.o
 .debug_macro   0x0000000000000000       0x4c ./Startup/sysmem.o
 .debug_macro   0x0000000000000000       0x18 ./Startup/sysmem.o
 .debug_macro   0x0000000000000000       0x94 ./Startup/sysmem.o
 .debug_macro   0x0000000000000000       0x3c ./Startup/sysmem.o
 .debug_macro   0x0000000000000000       0x34 ./Startup/sysmem.o
 .debug_macro   0x0000000000000000      0x174 ./Startup/sysmem.o
 .debug_macro   0x0000000000000000       0x16 ./Startup/sysmem.o
 .debug_macro   0x0000000000000000       0x43 ./Startup/sysmem.o
 .debug_macro   0x0000000000000000       0x57 ./Startup/sysmem.o
 .debug_macro   0x0000000000000000       0x34 ./Startup/sysmem.o
 .debug_macro   0x0000000000000000       0x10 ./Startup/sysmem.o
 .debug_macro   0x0000000000000000       0x58 ./Startup/sysmem.o
 .debug_macro   0x0000000000000000       0x71 ./Startup/sysmem.o
 .debug_macro   0x0000000000000000       0x1c ./Startup/sysmem.o
 .debug_macro   0x0000000000000000      0x12a ./Startup/sysmem.o
 .debug_macro   0x0000000000000000      0x23b ./Startup/sysmem.o
 .debug_macro   0x0000000000000000       0x1c ./Startup/sysmem.o
 .debug_macro   0x0000000000000000       0x35 ./Startup/sysmem.o
 .debug_macro   0x0000000000000000      0x341 ./Startup/sysmem.o
 .debug_macro   0x0000000000000000       0x10 ./Startup/sysmem.o
 .debug_macro   0x0000000000000000       0x10 ./Startup/sysmem.o
 .debug_macro   0x0000000000000000       0x6a ./Startup/sysmem.o
 .debug_macro   0x0000000000000000       0x1c ./Startup/sysmem.o
 .debug_macro   0x0000000000000000       0x52 ./Startup/sysmem.o
 .debug_macro   0x0000000000000000       0x22 ./Startup/sysmem.o
 .debug_macro   0x0000000000000000       0x10 ./Startup/sysmem.o
 .debug_macro   0x0000000000000000       0x52 ./Startup/sysmem.o
 .debug_macro   0x0000000000000000       0xd5 ./Startup/sysmem.o
 .debug_macro   0x0000000000000000       0x1c ./Startup/sysmem.o
 .debug_macro   0x0000000000000000       0x3d ./Startup/sysmem.o
 .debug_macro   0x0000000000000000       0x16 ./Startup/sysmem.o
 .debug_macro   0x0000000000000000      0x145 ./Startup/sysmem.o
 .debug_line    0x0000000000000000      0x54d ./Startup/sysmem.o
 .debug_str     0x0000000000000000     0x76f1 ./Startup/sysmem.o
 .comment       0x0000000000000000       0x51 ./Startup/sysmem.o
 .ARM.attributes
                0x0000000000000000       0x2e ./Startup/sysmem.o
 .text          0x0000000000000000        0x0 c:/st/stm32cubeide_1.12.0/stm32cubeide/plugins/com.st.stm32cube.ide.mcu.externaltools.gnu-tools-for-stm32.10.3-2021.10.win32_1.0.200.202301161003/tools/bin/../lib/gcc/arm-none-eabi/10.3.1/../../../../arm-none-eabi/lib/thumb/v7e-m/nofp\libc_nano.a(lib_a-errno.o)
 .data          0x0000000000000000        0x0 c:/st/stm32cubeide_1.12.0/stm32cubeide/plugins/com.st.stm32cube.ide.mcu.externaltools.gnu-tools-for-stm32.10.3-2021.10.win32_1.0.200.202301161003/tools/bin/../lib/gcc/arm-none-eabi/10.3.1/../../../../arm-none-eabi/lib/thumb/v7e-m/nofp\libc_nano.a(lib_a-errno.o)
 .bss           0x0000000000000000        0x0 c:/st/stm32cubeide_1.12.0/stm32cubeide/plugins/com.st.stm32cube.ide.mcu.externaltools.gnu-tools-for-stm32.10.3-2021.10.win32_1.0.200.202301161003/tools/bin/../lib/gcc/arm-none-eabi/10.3.1/../../../../arm-none-eabi/lib/thumb/v7e-m/nofp\libc_nano.a(lib_a-errno.o)
 .text.__errno  0x0000000000000000        0xc c:/st/stm32cubeide_1.12.0/stm32cubeide/plugins/com.st.stm32cube.ide.mcu.externaltools.gnu-tools-for-stm32.10.3-2021.10.win32_1.0.200.202301161003/tools/bin/../lib/gcc/arm-none-eabi/10.3.1/../../../../arm-none-eabi/lib/thumb/v7e-m/nofp\libc_nano.a(lib_a-errno.o)
 .debug_frame   0x0000000000000000       0x20 c:/st/stm32cubeide_1.12.0/stm32cubeide/plugins/com.st.stm32cube.ide.mcu.externaltools.gnu-tools-for-stm32.10.3-2021.10.win32_1.0.200.202301161003/tools/bin/../lib/gcc/arm-none-eabi/10.3.1/../../../../arm-none-eabi/lib/thumb/v7e-m/nofp\libc_nano.a(lib_a-errno.o)
 .ARM.attributes
                0x0000000000000000       0x2e c:/st/stm32cubeide_1.12.0/stm32cubeide/plugins/com.st.stm32cube.ide.mcu.externaltools.gnu-tools-for-stm32.10.3-2021.10.win32_1.0.200.202301161003/tools/bin/../lib/gcc/arm-none-eabi/10.3.1/../../../../arm-none-eabi/lib/thumb/v7e-m/nofp\libc_nano.a(lib_a-errno.o)
 .text          0x0000000000000000        0x0 c:/st/stm32cubeide_1.12.0/stm32cubeide/plugins/com.st.stm32cube.ide.mcu.externaltools.gnu-tools-for-stm32.10.3-2021.10.win32_1.0.200.202301161003/tools/bin/../lib/gcc/arm-none-eabi/10.3.1/../../../../arm-none-eabi/lib/thumb/v7e-m/nofp\libc_nano.a(lib_a-exit.o)
 .data          0x0000000000000000        0x0 c:/st/stm32cubeide_1.12.0/stm32cubeide/plugins/com.st.stm32cube.ide.mcu.externaltools.gnu-tools-for-stm32.10.3-2021.10.win32_1.0.200.202301161003/tools/bin/../lib/gcc/arm-none-eabi/10.3.1/../../../../arm-none-eabi/lib/thumb/v7e-m/nofp\libc_nano.a(lib_a-exit.o)
 .bss           0x0000000000000000        0x0 c:/st/stm32cubeide_1.12.0/stm32cubeide/plugins/com.st.stm32cube.ide.mcu.externaltools.gnu-tools-for-stm32.10.3-2021.10.win32_1.0.200.202301161003/tools/bin/../lib/gcc/arm-none-eabi/10.3.1/../../../../arm-none-eabi/lib/thumb/v7e-m/nofp\libc_nano.a(lib_a-exit.o)
 .text.exit     0x0000000000000000       0x28 c:/st/stm32cubeide_1.12.0/stm32cubeide/plugins/com.st.stm32cube.ide.mcu.externaltools.gnu-tools-for-stm32.10.3-2021.10.win32_1.0.200.202301161003/tools/bin/../lib/gcc/arm-none-eabi/10.3.1/../../../../arm-none-eabi/lib/thumb/v7e-m/nofp\libc_nano.a(lib_a-exit.o)
 .debug_frame   0x0000000000000000       0x28 c:/st/stm32cubeide_1.12.0/stm32cubeide/plugins/com.st.stm32cube.ide.mcu.externaltools.gnu-tools-for-stm32.10.3-2021.10.win32_1.0.200.202301161003/tools/bin/../lib/gcc/arm-none-eabi/10.3.1/../../../../arm-none-eabi/lib/thumb/v7e-m/nofp\libc_nano.a(lib_a-exit.o)
 .ARM.attributes
                0x0000000000000000       0x2e c:/st/stm32cubeide_1.12.0/stm32cubeide/plugins/com.st.stm32cube.ide.mcu.externaltools.gnu-tools-for-stm32.10.3-2021.10.win32_1.0.200.202301161003/tools/bin/../lib/gcc/arm-none-eabi/10.3.1/../../../../arm-none-eabi/lib/thumb/v7e-m/nofp\libc_nano.a(lib_a-exit.o)
 .text          0x0000000000000000        0x0 c:/st/stm32cubeide_1.12.0/stm32cubeide/plugins/com.st.stm32cube.ide.mcu.externaltools.gnu-tools-for-stm32.10.3-2021.10.win32_1.0.200.202301161003/tools/bin/../lib/gcc/arm-none-eabi/10.3.1/../../../../arm-none-eabi/lib/thumb/v7e-m/nofp\libc_nano.a(lib_a-impure.o)
 .data          0x0000000000000000        0x0 c:/st/stm32cubeide_1.12.0/stm32cubeide/plugins/com.st.stm32cube.ide.mcu.externaltools.gnu-tools-for-stm32.10.3-2021.10.win32_1.0.200.202301161003/tools/bin/../lib/gcc/arm-none-eabi/10.3.1/../../../../arm-none-eabi/lib/thumb/v7e-m/nofp\libc_nano.a(lib_a-impure.o)
 .bss           0x0000000000000000        0x0 c:/st/stm32cubeide_1.12.0/stm32cubeide/plugins/com.st.stm32cube.ide.mcu.externaltools.gnu-tools-for-stm32.10.3-2021.10.win32_1.0.200.202301161003/tools/bin/../lib/gcc/arm-none-eabi/10.3.1/../../../../arm-none-eabi/lib/thumb/v7e-m/nofp\libc_nano.a(lib_a-impure.o)
 .data._impure_ptr
                0x0000000000000000        0x4 c:/st/stm32cubeide_1.12.0/stm32cubeide/plugins/com.st.stm32cube.ide.mcu.externaltools.gnu-tools-for-stm32.10.3-2021.10.win32_1.0.200.202301161003/tools/bin/../lib/gcc/arm-none-eabi/10.3.1/../../../../arm-none-eabi/lib/thumb/v7e-m/nofp\libc_nano.a(lib_a-impure.o)
 .data.impure_data
                0x0000000000000000       0x60 c:/st/stm32cubeide_1.12.0/stm32cubeide/plugins/com.st.stm32cube.ide.mcu.externaltools.gnu-tools-for-stm32.10.3-2021.10.win32_1.0.200.202301161003/tools/bin/../lib/gcc/arm-none-eabi/10.3.1/../../../../arm-none-eabi/lib/thumb/v7e-m/nofp\libc_nano.a(lib_a-impure.o)
 .rodata._global_impure_ptr
                0x0000000000000000        0x4 c:/st/stm32cubeide_1.12.0/stm32cubeide/plugins/com.st.stm32cube.ide.mcu.externaltools.gnu-tools-for-stm32.10.3-2021.10.win32_1.0.200.202301161003/tools/bin/../lib/gcc/arm-none-eabi/10.3.1/../../../../arm-none-eabi/lib/thumb/v7e-m/nofp\libc_nano.a(lib_a-impure.o)
 .ARM.attributes
                0x0000000000000000       0x2e c:/st/stm32cubeide_1.12.0/stm32cubeide/plugins/com.st.stm32cube.ide.mcu.externaltools.gnu-tools-for-stm32.10.3-2021.10.win32_1.0.200.202301161003/tools/bin/../lib/gcc/arm-none-eabi/10.3.1/../../../../arm-none-eabi/lib/thumb/v7e-m/nofp\libc_nano.a(lib_a-impure.o)
 .text          0x0000000000000000        0x0 c:/st/stm32cubeide_1.12.0/stm32cubeide/plugins/com.st.stm32cube.ide.mcu.externaltools.gnu-tools-for-stm32.10.3-2021.10.win32_1.0.200.202301161003/tools/bin/../lib/gcc/arm-none-eabi/10.3.1/../../../../arm-none-eabi/lib/thumb/v7e-m/nofp\libc_nano.a(lib_a-init.o)
 .data          0x0000000000000000        0x0 c:/st/stm32cubeide_1.12.0/stm32cubeide/plugins/com.st.stm32cube.ide.mcu.externaltools.gnu-tools-for-stm32.10.3-2021.10.win32_1.0.200.202301161003/tools/bin/../lib/gcc/arm-none-eabi/10.3.1/../../../../arm-none-eabi/lib/thumb/v7e-m/nofp\libc_nano.a(lib_a-init.o)
 .bss           0x0000000000000000        0x0 c:/st/stm32cubeide_1.12.0/stm32cubeide/plugins/com.st.stm32cube.ide.mcu.externaltools.gnu-tools-for-stm32.10.3-2021.10.win32_1.0.200.202301161003/tools/bin/../lib/gcc/arm-none-eabi/10.3.1/../../../../arm-none-eabi/lib/thumb/v7e-m/nofp\libc_nano.a(lib_a-init.o)
 .text          0x0000000000000000        0x0 c:/st/stm32cubeide_1.12.0/stm32cubeide/plugins/com.st.stm32cube.ide.mcu.externaltools.gnu-tools-for-stm32.10.3-2021.10.win32_1.0.200.202301161003/tools/bin/../lib/gcc/arm-none-eabi/10.3.1/../../../../arm-none-eabi/lib/thumb/v7e-m/nofp\libc_nano.a(lib_a-memset.o)
 .data          0x0000000000000000        0x0 c:/st/stm32cubeide_1.12.0/stm32cubeide/plugins/com.st.stm32cube.ide.mcu.externaltools.gnu-tools-for-stm32.10.3-2021.10.win32_1.0.200.202301161003/tools/bin/../lib/gcc/arm-none-eabi/10.3.1/../../../../arm-none-eabi/lib/thumb/v7e-m/nofp\libc_nano.a(lib_a-memset.o)
 .bss           0x0000000000000000        0x0 c:/st/stm32cubeide_1.12.0/stm32cubeide/plugins/com.st.stm32cube.ide.mcu.externaltools.gnu-tools-for-stm32.10.3-2021.10.win32_1.0.200.202301161003/tools/bin/../lib/gcc/arm-none-eabi/10.3.1/../../../../arm-none-eabi/lib/thumb/v7e-m/nofp\libc_nano.a(lib_a-memset.o)
 .text.memset   0x0000000000000000       0x10 c:/st/stm32cubeide_1.12.0/stm32cubeide/plugins/com.st.stm32cube.ide.mcu.externaltools.gnu-tools-for-stm32.10.3-2021.10.win32_1.0.200.202301161003/tools/bin/../lib/gcc/arm-none-eabi/10.3.1/../../../../arm-none-eabi/lib/thumb/v7e-m/nofp\libc_nano.a(lib_a-memset.o)
 .debug_frame   0x0000000000000000       0x20 c:/st/stm32cubeide_1.12.0/stm32cubeide/plugins/com.st.stm32cube.ide.mcu.externaltools.gnu-tools-for-stm32.10.3-2021.10.win32_1.0.200.202301161003/tools/bin/../lib/gcc/arm-none-eabi/10.3.1/../../../../arm-none-eabi/lib/thumb/v7e-m/nofp\libc_nano.a(lib_a-memset.o)
 .ARM.attributes
                0x0000000000000000       0x2e c:/st/stm32cubeide_1.12.0/stm32cubeide/plugins/com.st.stm32cube.ide.mcu.externaltools.gnu-tools-for-stm32.10.3-2021.10.win32_1.0.200.202301161003/tools/bin/../lib/gcc/arm-none-eabi/10.3.1/../../../../arm-none-eabi/lib/thumb/v7e-m/nofp\libc_nano.a(lib_a-memset.o)
 .text          0x0000000000000000        0x0 c:/st/stm32cubeide_1.12.0/stm32cubeide/plugins/com.st.stm32cube.ide.mcu.externaltools.gnu-tools-for-stm32.10.3-2021.10.win32_1.0.200.202301161003/tools/bin/../lib/gcc/arm-none-eabi/10.3.1/thumb/v7e-m/nofp/crtend.o
 .data          0x0000000000000000        0x0 c:/st/stm32cubeide_1.12.0/stm32cubeide/plugins/com.st.stm32cube.ide.mcu.externaltools.gnu-tools-for-stm32.10.3-2021.10.win32_1.0.200.202301161003/tools/bin/../lib/gcc/arm-none-eabi/10.3.1/thumb/v7e-m/nofp/crtend.o
 .bss           0x0000000000000000        0x0 c:/st/stm32cubeide_1.12.0/stm32cubeide/plugins/com.st.stm32cube.ide.mcu.externaltools.gnu-tools-for-stm32.10.3-2021.10.win32_1.0.200.202301161003/tools/bin/../lib/gcc/arm-none-eabi/10.3.1/thumb/v7e-m/nofp/crtend.o
 .rodata        0x0000000000000000       0x24 c:/st/stm32cubeide_1.12.0/stm32cubeide/plugins/com.st.stm32cube.ide.mcu.externaltools.gnu-tools-for-stm32.10.3-2021.10.win32_1.0.200.202301161003/tools/bin/../lib/gcc/arm-none-eabi/10.3.1/thumb/v7e-m/nofp/crtend.o
 .eh_frame      0x0000000000000000        0x4 c:/st/stm32cubeide_1.12.0/stm32cubeide/plugins/com.st.stm32cube.ide.mcu.externaltools.gnu-tools-for-stm32.10.3-2021.10.win32_1.0.200.202301161003/tools/bin/../lib/gcc/arm-none-eabi/10.3.1/thumb/v7e-m/nofp/crtend.o
 .ARM.attributes
                0x0000000000000000       0x2e c:/st/stm32cubeide_1.12.0/stm32cubeide/plugins/com.st.stm32cube.ide.mcu.externaltools.gnu-tools-for-stm32.10.3-2021.10.win32_1.0.200.202301161003/tools/bin/../lib/gcc/arm-none-eabi/10.3.1/thumb/v7e-m/nofp/crtend.o
 .text          0x0000000000000000        0x0 c:/st/stm32cubeide_1.12.0/stm32cubeide/plugins/com.st.stm32cube.ide.mcu.externaltools.gnu-tools-for-stm32.10.3-2021.10.win32_1.0.200.202301161003/tools/bin/../lib/gcc/arm-none-eabi/10.3.1/thumb/v7e-m/nofp/crtn.o
 .data          0x0000000000000000        0x0 c:/st/stm32cubeide_1.12.0/stm32cubeide/plugins/com.st.stm32cube.ide.mcu.externaltools.gnu-tools-for-stm32.10.3-2021.10.win32_1.0.200.202301161003/tools/bin/../lib/gcc/arm-none-eabi/10.3.1/thumb/v7e-m/nofp/crtn.o
 .bss           0x0000000000000000        0x0 c:/st/stm32cubeide_1.12.0/stm32cubeide/plugins/com.st.stm32cube.ide.mcu.externaltools.gnu-tools-for-stm32.10.3-2021.10.win32_1.0.200.202301161003/tools/bin/../lib/gcc/arm-none-eabi/10.3.1/thumb/v7e-m/nofp/crtn.o

Memory Configuration

Name             Origin             Length             Attributes
CCMRAM           0x0000000010000000 0x0000000000010000 xrw
RAM              0x0000000020000000 0x0000000000020000 xrw
FLASH            0x0000000008000000 0x0000000000100000 xr
*default*        0x0000000000000000 0xffffffffffffffff

Linker script and memory map

LOAD c:/st/stm32cubeide_1.12.0/stm32cubeide/plugins/com.st.stm32cube.ide.mcu.externaltools.gnu-tools-for-stm32.10.3-2021.10.win32_1.0.200.202301161003/tools/bin/../lib/gcc/arm-none-eabi/10.3.1/thumb/v7e-m/nofp/crti.o
LOAD c:/st/stm32cubeide_1.12.0/stm32cubeide/plugins/com.st.stm32cube.ide.mcu.externaltools.gnu-tools-for-stm32.10.3-2021.10.win32_1.0.200.202301161003/tools/bin/../lib/gcc/arm-none-eabi/10.3.1/thumb/v7e-m/nofp/crtbegin.o
LOAD c:/st/stm32cubeide_1.12.0/stm32cubeide/plugins/com.st.stm32cube.ide.mcu.externaltools.gnu-tools-for-stm32.10.3-2021.10.win32_1.0.200.202301161003/tools/bin/../lib/gcc/arm-none-eabi/10.3.1/../../../../arm-none-eabi/lib/thumb/v7e-m/nofp/crt0.o
LOAD ./Drivers/Src/stm32f407xx_gpio_driver.o
LOAD ./Drivers/Src/stm32f407xx_i2c_driver.o
LOAD ./Drivers/Src/stm32f407xx_rcc_driver.o
LOAD ./Drivers/Src/stm32f407xx_spi_driver.o
LOAD ./Drivers/Src/stm32f407xx_usart_driver.o
LOAD ./Src/syscalls.o
LOAD ./Src/sysmem.o
LOAD ./Startup/startup_stm32.o
LOAD ./Startup/sysmem.o
START GROUP
LOAD c:/st/stm32cubeide_1.12.0/stm32cubeide/plugins/com.st.stm32cube.ide.mcu.externaltools.gnu-tools-for-stm32.10.3-2021.10.win32_1.0.200.202301161003/tools/bin/../lib/gcc/arm-none-eabi/10.3.1/../../../../arm-none-eabi/lib/thumb/v7e-m/nofp\libc_nano.a
LOAD c:/st/stm32cubeide_1.12.0/stm32cubeide/plugins/com.st.stm32cube.ide.mcu.externaltools.gnu-tools-for-stm32.10.3-2021.10.win32_1.0.200.202301161003/tools/bin/../lib/gcc/arm-none-eabi/10.3.1/../../../../arm-none-eabi/lib/thumb/v7e-m/nofp\libm.a
END GROUP
START GROUP
LOAD c:/st/stm32cubeide_1.12.0/stm32cubeide/plugins/com.st.stm32cube.ide.mcu.externaltools.gnu-tools-for-stm32.10.3-2021.10.win32_1.0.200.202301161003/tools/bin/../lib/gcc/arm-none-eabi/10.3.1/thumb/v7e-m/nofp\libgcc.a
LOAD c:/st/stm32cubeide_1.12.0/stm32cubeide/plugins/com.st.stm32cube.ide.mcu.externaltools.gnu-tools-for-stm32.10.3-2021.10.win32_1.0.200.202301161003/tools/bin/../lib/gcc/arm-none-eabi/10.3.1/../../../../arm-none-eabi/lib/thumb/v7e-m/nofp\libc_nano.a
END GROUP
START GROUP
LOAD c:/st/stm32cubeide_1.12.0/stm32cubeide/plugins/com.st.stm32cube.ide.mcu.externaltools.gnu-tools-for-stm32.10.3-2021.10.win32_1.0.200.202301161003/tools/bin/../lib/gcc/arm-none-eabi/10.3.1/thumb/v7e-m/nofp\libgcc.a
LOAD c:/st/stm32cubeide_1.12.0/stm32cubeide/plugins/com.st.stm32cube.ide.mcu.externaltools.gnu-tools-for-stm32.10.3-2021.10.win32_1.0.200.202301161003/tools/bin/../lib/gcc/arm-none-eabi/10.3.1/../../../../arm-none-eabi/lib/thumb/v7e-m/nofp\libc_nano.a
LOAD c:/st/stm32cubeide_1.12.0/stm32cubeide/plugins/com.st.stm32cube.ide.mcu.externaltools.gnu-tools-for-stm32.10.3-2021.10.win32_1.0.200.202301161003/tools/bin/../lib/gcc/arm-none-eabi/10.3.1/../../../../arm-none-eabi/lib/thumb/v7e-m/nofp\libnosys.a
END GROUP
START GROUP
LOAD c:/st/stm32cubeide_1.12.0/stm32cubeide/plugins/com.st.stm32cube.ide.mcu.externaltools.gnu-tools-for-stm32.10.3-2021.10.win32_1.0.200.202301161003/tools/bin/../lib/gcc/arm-none-eabi/10.3.1/thumb/v7e-m/nofp\libgcc.a
LOAD c:/st/stm32cubeide_1.12.0/stm32cubeide/plugins/com.st.stm32cube.ide.mcu.externaltools.gnu-tools-for-stm32.10.3-2021.10.win32_1.0.200.202301161003/tools/bin/../lib/gcc/arm-none-eabi/10.3.1/../../../../arm-none-eabi/lib/thumb/v7e-m/nofp\libc_nano.a
LOAD c:/st/stm32cubeide_1.12.0/stm32cubeide/plugins/com.st.stm32cube.ide.mcu.externaltools.gnu-tools-for-stm32.10.3-2021.10.win32_1.0.200.202301161003/tools/bin/../lib/gcc/arm-none-eabi/10.3.1/../../../../arm-none-eabi/lib/thumb/v7e-m/nofp\libnosys.a
END GROUP
LOAD c:/st/stm32cubeide_1.12.0/stm32cubeide/plugins/com.st.stm32cube.ide.mcu.externaltools.gnu-tools-for-stm32.10.3-2021.10.win32_1.0.200.202301161003/tools/bin/../lib/gcc/arm-none-eabi/10.3.1/thumb/v7e-m/nofp/crtend.o
LOAD c:/st/stm32cubeide_1.12.0/stm32cubeide/plugins/com.st.stm32cube.ide.mcu.externaltools.gnu-tools-for-stm32.10.3-2021.10.win32_1.0.200.202301161003/tools/bin/../lib/gcc/arm-none-eabi/10.3.1/thumb/v7e-m/nofp/crtn.o
                0x0000000020020000                _estack = (ORIGIN (RAM) + LENGTH (RAM))
                0x0000000000000200                _Min_Heap_Size = 0x200
                0x0000000000000400                _Min_Stack_Size = 0x400

.isr_vector     0x0000000008000000      0x1a8
                0x0000000008000000                . = ALIGN (0x4)
 *(.isr_vector)
 .isr_vector    0x0000000008000000      0x1a8 ./Startup/startup_stm32.o
                0x0000000008000000                g_pfnVectors
                0x00000000080001a8                . = ALIGN (0x4)

.text           0x00000000080001a8       0xf0
                0x00000000080001a8                . = ALIGN (0x4)
 *(.text)
 .text          0x00000000080001a8       0x40 c:/st/stm32cubeide_1.12.0/stm32cubeide/plugins/com.st.stm32cube.ide.mcu.externaltools.gnu-tools-for-stm32.10.3-2021.10.win32_1.0.200.202301161003/tools/bin/../lib/gcc/arm-none-eabi/10.3.1/thumb/v7e-m/nofp/crtbegin.o
 *(.text*)
 .text.Reset_Handler
                0x00000000080001e8       0x4c ./Startup/startup_stm32.o
                0x00000000080001e8                Reset_Handler
 .text.Default_Handler
                0x0000000008000234        0x2 ./Startup/startup_stm32.o
                0x0000000008000234                RTC_Alarm_IRQHandler
                0x0000000008000234                HASH_RNG_IRQHandler
                0x0000000008000234                EXTI2_IRQHandler
                0x0000000008000234                TIM8_CC_IRQHandler
                0x0000000008000234                DebugMon_Handler
                0x0000000008000234                TIM1_CC_IRQHandler
                0x0000000008000234                DMA2_Stream5_IRQHandler
                0x0000000008000234                HardFault_Handler
                0x0000000008000234                DMA1_Stream5_IRQHandler
                0x0000000008000234                SysTick_Handler
                0x0000000008000234                PVD_IRQHandler
                0x0000000008000234                SDIO_IRQHandler
                0x0000000008000234                TAMP_STAMP_IRQHandler
                0x0000000008000234                PendSV_Handler
                0x0000000008000234                NMI_Handler
                0x0000000008000234                CAN2_RX1_IRQHandler
                0x0000000008000234                EXTI3_IRQHandler
                0x0000000008000234                TIM8_TRG_COM_TIM14_IRQHandler
                0x0000000008000234                TIM1_UP_TIM10_IRQHandler
                0x0000000008000234                TIM8_UP_TIM13_IRQHandler
                0x0000000008000234                I2C3_ER_IRQHandler
                0x0000000008000234                LCD_TFT_IRQHandler
                0x0000000008000234                EXTI0_IRQHandler
                0x0000000008000234                I2C2_EV_IRQHandler
                0x0000000008000234                DMA1_Stream2_IRQHandler
                0x0000000008000234                CAN1_RX0_IRQHandler
                0x0000000008000234                FPU_IRQHandler
                0x0000000008000234                OTG_HS_WKUP_IRQHandler
                0x0000000008000234                UsageFault_Handler
                0x0000000008000234                CAN2_SCE_IRQHandler
                0x0000000008000234                DMA2_Stream2_IRQHandler
                0x0000000008000234                SPI1_IRQHandler
                0x0000000008000234                TIM6_DAC_IRQHandler
                0x0000000008000234                TIM1_BRK_TIM9_IRQHandler
                0x0000000008000234                DCMI_IRQHandler
                0x0000000008000234                CAN2_RX0_IRQHandler
                0x0000000008000234                DMA2_Stream3_IRQHandler
                0x0000000008000234                USART6_IRQHandler
                0x0000000008000234                USART3_IRQHandler
                0x0000000008000234                CRYP_IRQHandler
                0x0000000008000234                CAN1_RX1_IRQHandler
                0x0000000008000234                UART5_IRQHandler
                0x0000000008000234                DMA2_Stream0_IRQHandler
                0x0000000008000234                TIM4_IRQHandler
                0x0000000008000234                I2C1_EV_IRQHandler
                0x0000000008000234                DMA1_Stream6_IRQHandler
                0x0000000008000234                DMA1_Stream1_IRQHandler
                0x0000000008000234                UART4_IRQHandler
                0x0000000008000234                LCD_TFT_1_IRQHandler
                0x0000000008000234                TIM3_IRQHandler
                0x0000000008000234                RCC_IRQHandler
                0x0000000008000234                TIM8_BRK_TIM12_IRQHandler
                0x0000000008000234                Default_Handler
                0x0000000008000234                EXTI15_10_IRQHandler
                0x0000000008000234                ADC_IRQHandler
                0x0000000008000234                DMA1_Stream7_IRQHandler
                0x0000000008000234                TIM7_IRQHandler
                0x0000000008000234                CAN2_TX_IRQHandler
                0x0000000008000234                TIM5_IRQHandler
                0x0000000008000234                DMA2_Stream7_IRQHandler
                0x0000000008000234                I2C3_EV_IRQHandler
                0x0000000008000234                EXTI9_5_IRQHandler
                0x0000000008000234                RTC_WKUP_IRQHandler
                0x0000000008000234                ETH_WKUP_IRQHandler
                0x0000000008000234                SPI2_IRQHandler
                0x0000000008000234                OTG_HS_EP1_IN_IRQHandler
                0x0000000008000234                MemManage_Handler
                0x0000000008000234                DMA1_Stream0_IRQHandler
                0x0000000008000234                CAN1_TX_IRQHandler
                0x0000000008000234                SVC_Handler
                0x0000000008000234                EXTI4_IRQHandler
                0x0000000008000234                FSMC_IRQHandler
                0x0000000008000234                ETH_IRQHandler
                0x0000000008000234                OTG_HS_EP1_OUT_IRQHandler
                0x0000000008000234                WWDG_IRQHandler
                0x0000000008000234                TIM2_IRQHandler
                0x0000000008000234                OTG_FS_WKUP_IRQHandler
                0x0000000008000234                TIM1_TRG_COM_TIM11_IRQHandler
                0x0000000008000234                OTG_HS_IRQHandler
                0x0000000008000234                EXTI1_IRQHandler
                0x0000000008000234                USART2_IRQHandler
                0x0000000008000234                I2C2_ER_IRQHandler
                0x0000000008000234                DMA2_Stream1_IRQHandler
                0x0000000008000234                CAN1_SCE_IRQHandler
                0x0000000008000234                DMA2_Stream4_IRQHandler
                0x0000000008000234                BusFault_Handler
                0x0000000008000234                USART1_IRQHandler
                0x0000000008000234                OTG_FS_IRQHandler
                0x0000000008000234                SPI3_IRQHandler
                0x0000000008000234                DMA1_Stream4_IRQHandler
                0x0000000008000234                I2C1_ER_IRQHandler
                0x0000000008000234                DMA2_Stream6_IRQHandler
                0x0000000008000234                DMA1_Stream3_IRQHandler
 *fill*         0x0000000008000236        0x2 
 .text.__libc_init_array
                0x0000000008000238       0x48 c:/st/stm32cubeide_1.12.0/stm32cubeide/plugins/com.st.stm32cube.ide.mcu.externaltools.gnu-tools-for-stm32.10.3-2021.10.win32_1.0.200.202301161003/tools/bin/../lib/gcc/arm-none-eabi/10.3.1/../../../../arm-none-eabi/lib/thumb/v7e-m/nofp\libc_nano.a(lib_a-init.o)
                0x0000000008000238                __libc_init_array
 *(.glue_7)
 .glue_7        0x0000000008000280        0x0 linker stubs
 *(.glue_7t)
 .glue_7t       0x0000000008000280        0x0 linker stubs
 *(.eh_frame)
 .eh_frame      0x0000000008000280        0x0 c:/st/stm32cubeide_1.12.0/stm32cubeide/plugins/com.st.stm32cube.ide.mcu.externaltools.gnu-tools-for-stm32.10.3-2021.10.win32_1.0.200.202301161003/tools/bin/../lib/gcc/arm-none-eabi/10.3.1/thumb/v7e-m/nofp/crtbegin.o
 *(.init)
 .init          0x0000000008000280        0x4 c:/st/stm32cubeide_1.12.0/stm32cubeide/plugins/com.st.stm32cube.ide.mcu.externaltools.gnu-tools-for-stm32.10.3-2021.10.win32_1.0.200.202301161003/tools/bin/../lib/gcc/arm-none-eabi/10.3.1/thumb/v7e-m/nofp/crti.o
                0x0000000008000280                _init
 .init          0x0000000008000284        0x8 c:/st/stm32cubeide_1.12.0/stm32cubeide/plugins/com.st.stm32cube.ide.mcu.externaltools.gnu-tools-for-stm32.10.3-2021.10.win32_1.0.200.202301161003/tools/bin/../lib/gcc/arm-none-eabi/10.3.1/thumb/v7e-m/nofp/crtn.o
 *(.fini)
 .fini          0x000000000800028c        0x4 c:/st/stm32cubeide_1.12.0/stm32cubeide/plugins/com.st.stm32cube.ide.mcu.externaltools.gnu-tools-for-stm32.10.3-2021.10.win32_1.0.200.202301161003/tools/bin/../lib/gcc/arm-none-eabi/10.3.1/thumb/v7e-m/nofp/crti.o
                0x000000000800028c                _fini
 .fini          0x0000000008000290        0x8 c:/st/stm32cubeide_1.12.0/stm32cubeide/plugins/com.st.stm32cube.ide.mcu.externaltools.gnu-tools-for-stm32.10.3-2021.10.win32_1.0.200.202301161003/tools/bin/../lib/gcc/arm-none-eabi/10.3.1/thumb/v7e-m/nofp/crtn.o
                0x0000000008000298                . = ALIGN (0x4)
                0x0000000008000298                _etext = .

.vfp11_veneer   0x0000000008000298        0x0
 .vfp11_veneer  0x0000000008000298        0x0 linker stubs

.v4_bx          0x0000000008000298        0x0
 .v4_bx         0x0000000008000298        0x0 linker stubs

.iplt           0x0000000008000298        0x0
 .iplt          0x0000000008000298        0x0 c:/st/stm32cubeide_1.12.0/stm32cubeide/plugins/com.st.stm32cube.ide.mcu.externaltools.gnu-tools-for-stm32.10.3-2021.10.win32_1.0.200.202301161003/tools/bin/../lib/gcc/arm-none-eabi/10.3.1/thumb/v7e-m/nofp/crtbegin.o

.rel.dyn        0x0000000008000298        0x0
 .rel.iplt      0x0000000008000298        0x0 c:/st/stm32cubeide_1.12.0/stm32cubeide/plugins/com.st.stm32cube.ide.mcu.externaltools.gnu-tools-for-stm32.10.3-2021.10.win32_1.0.200.202301161003/tools/bin/../lib/gcc/arm-none-eabi/10.3.1/thumb/v7e-m/nofp/crtbegin.o

.rodata         0x0000000008000298        0x0
                0x0000000008000298                . = ALIGN (0x4)
 *(.rodata)
 *(.rodata*)
                0x0000000008000298                . = ALIGN (0x4)

.ARM.extab      0x0000000008000298        0x0
                0x0000000008000298                . = ALIGN (0x4)
 *(.ARM.extab* .gnu.linkonce.armextab.*)
                0x0000000008000298                . = ALIGN (0x4)

.ARM            0x0000000008000298        0x0
                0x0000000008000298                . = ALIGN (0x4)
                0x0000000008000298                __exidx_start = .
 *(.ARM.exidx*)
                0x0000000008000298                __exidx_end = .
                0x0000000008000298                . = ALIGN (0x4)

.preinit_array  0x0000000008000298        0x0
                0x0000000008000298                . = ALIGN (0x4)
                0x0000000008000298                PROVIDE (__preinit_array_start = .)
 *(.preinit_array*)
                0x0000000008000298                PROVIDE (__preinit_array_end = .)
                0x0000000008000298                . = ALIGN (0x4)

.init_array     0x0000000008000298        0x4
                0x0000000008000298                . = ALIGN (0x4)
                0x0000000008000298                PROVIDE (__init_array_start = .)
 *(SORT_BY_NAME(.init_array.*))
 *(.init_array*)
 .init_array    0x0000000008000298        0x4 c:/st/stm32cubeide_1.12.0/stm32cubeide/plugins/com.st.stm32cube.ide.mcu.externaltools.gnu-tools-for-stm32.10.3-2021.10.win32_1.0.200.202301161003/tools/bin/../lib/gcc/arm-none-eabi/10.3.1/thumb/v7e-m/nofp/crtbegin.o
                0x000000000800029c                PROVIDE (__init_array_end = .)
                0x000000000800029c                . = ALIGN (0x4)

.fini_array     0x000000000800029c        0x4
                0x000000000800029c                . = ALIGN (0x4)
                [!provide]                        PROVIDE (__fini_array_start = .)
 *(SORT_BY_NAME(.fini_array.*))
 *(.fini_array*)
 .fini_array    0x000000000800029c        0x4 c:/st/stm32cubeide_1.12.0/stm32cubeide/plugins/com.st.stm32cube.ide.mcu.externaltools.gnu-tools-for-stm32.10.3-2021.10.win32_1.0.200.202301161003/tools/bin/../lib/gcc/arm-none-eabi/10.3.1/thumb/v7e-m/nofp/crtbegin.o
                [!provide]                        PROVIDE (__fini_array_end = .)
                0x00000000080002a0                . = ALIGN (0x4)
                0x00000000080002a0                _sidata = LOADADDR (.data)

.data           0x0000000020000000        0x0 load address 0x00000000080002a0
                0x0000000020000000                . = ALIGN (0x4)
                0x0000000020000000                _sdata = .
 *(.data)
 *(.data*)
 *(.RamFunc)
 *(.RamFunc*)
                0x0000000020000000                . = ALIGN (0x4)
                0x0000000020000000                _edata = .
                0x00000000080002a0                _siccmram = LOADADDR (.ccmram)

.igot.plt       0x0000000020000000        0x0 load address 0x00000000080002a0
 .igot.plt      0x0000000020000000        0x0 c:/st/stm32cubeide_1.12.0/stm32cubeide/plugins/com.st.stm32cube.ide.mcu.externaltools.gnu-tools-for-stm32.10.3-2021.10.win32_1.0.200.202301161003/tools/bin/../lib/gcc/arm-none-eabi/10.3.1/thumb/v7e-m/nofp/crtbegin.o

.ccmram         0x0000000010000000        0x0 load address 0x00000000080002a0
                0x0000000010000000                . = ALIGN (0x4)
                0x0000000010000000                _sccmram = .
 *(.ccmram)
 *(.ccmram*)
                0x0000000010000000                . = ALIGN (0x4)
                0x0000000010000000                _eccmram = .
                0x0000000010000000                . = ALIGN (0x4)

.bss            0x0000000020000000       0x1c
                0x0000000020000000                _sbss = .
                0x0000000020000000                __bss_start__ = _sbss
 *(.bss)
 .bss           0x0000000020000000       0x1c c:/st/stm32cubeide_1.12.0/stm32cubeide/plugins/com.st.stm32cube.ide.mcu.externaltools.gnu-tools-for-stm32.10.3-2021.10.win32_1.0.200.202301161003/tools/bin/../lib/gcc/arm-none-eabi/10.3.1/thumb/v7e-m/nofp/crtbegin.o
 *(.bss*)
 *(COMMON)
                0x000000002000001c                . = ALIGN (0x4)
                0x000000002000001c                _ebss = .
                0x000000002000001c                __bss_end__ = _ebss

._user_heap_stack
                0x000000002000001c      0x604
                0x0000000020000020                . = ALIGN (0x8)
 *fill*         0x000000002000001c        0x4 
                [!provide]                        PROVIDE (end = .)
                0x0000000020000020                PROVIDE (_end = .)
                0x0000000020000220                . = (. + _Min_Heap_Size)
 *fill*         0x0000000020000020      0x200 
                0x0000000020000620                . = (. + _Min_Stack_Size)
 *fill*         0x0000000020000220      0x400 
                0x0000000020000620                . = ALIGN (0x8)

/DISCARD/
 libc.a(*)
 libm.a(*)
 libgcc.a(*)

.ARM.attributes
                0x0000000000000000       0x2a
 *(.ARM.attributes)
 .ARM.attributes
                0x0000000000000000       0x1e c:/st/stm32cubeide_1.12.0/stm32cubeide/plugins/com.st.stm32cube.ide.mcu.externaltools.gnu-tools-for-stm32.10.3-2021.10.win32_1.0.200.202301161003/tools/bin/../lib/gcc/arm-none-eabi/10.3.1/thumb/v7e-m/nofp/crti.o
 .ARM.attributes
                0x000000000000001e       0x2e c:/st/stm32cubeide_1.12.0/stm32cubeide/plugins/com.st.stm32cube.ide.mcu.externaltools.gnu-tools-for-stm32.10.3-2021.10.win32_1.0.200.202301161003/tools/bin/../lib/gcc/arm-none-eabi/10.3.1/thumb/v7e-m/nofp/crtbegin.o
 .ARM.attributes
                0x000000000000004c       0x21 ./Startup/startup_stm32.o
 .ARM.attributes
                0x000000000000006d       0x2e c:/st/stm32cubeide_1.12.0/stm32cubeide/plugins/com.st.stm32cube.ide.mcu.externaltools.gnu-tools-for-stm32.10.3-2021.10.win32_1.0.200.202301161003/tools/bin/../lib/gcc/arm-none-eabi/10.3.1/../../../../arm-none-eabi/lib/thumb/v7e-m/nofp\libc_nano.a(lib_a-init.o)
 .ARM.attributes
                0x000000000000009b       0x1e c:/st/stm32cubeide_1.12.0/stm32cubeide/plugins/com.st.stm32cube.ide.mcu.externaltools.gnu-tools-for-stm32.10.3-2021.10.win32_1.0.200.202301161003/tools/bin/../lib/gcc/arm-none-eabi/10.3.1/thumb/v7e-m/nofp/crtn.o
OUTPUT(STM32F407G_Drivers.elf elf32-littlearm)
LOAD linker stubs
LOAD c:/st/stm32cubeide_1.12.0/stm32cubeide/plugins/com.st.stm32cube.ide.mcu.externaltools.gnu-tools-for-stm32.10.3-2021.10.win32_1.0.200.202301161003/tools/bin/../lib/gcc/arm-none-eabi/10.3.1/../../../../arm-none-eabi/lib/thumb/v7e-m/nofp\libc.a
LOAD c:/st/stm32cubeide_1.12.0/stm32cubeide/plugins/com.st.stm32cube.ide.mcu.externaltools.gnu-tools-for-stm32.10.3-2021.10.win32_1.0.200.202301161003/tools/bin/../lib/gcc/arm-none-eabi/10.3.1/../../../../arm-none-eabi/lib/thumb/v7e-m/nofp\libm.a
LOAD c:/st/stm32cubeide_1.12.0/stm32cubeide/plugins/com.st.stm32cube.ide.mcu.externaltools.gnu-tools-for-stm32.10.3-2021.10.win32_1.0.200.202301161003/tools/bin/../lib/gcc/arm-none-eabi/10.3.1/thumb/v7e-m/nofp\libgcc.a

.debug_line     0x0000000000000000       0x7b
 .debug_line    0x0000000000000000       0x7b ./Startup/startup_stm32.o

.debug_info     0x0000000000000000       0x22
 .debug_info    0x0000000000000000       0x22 ./Startup/startup_stm32.o

.debug_abbrev   0x0000000000000000       0x12
 .debug_abbrev  0x0000000000000000       0x12 ./Startup/startup_stm32.o

.debug_aranges  0x0000000000000000       0x28
 .debug_aranges
                0x0000000000000000       0x28 ./Startup/startup_stm32.o

.debug_str      0x0000000000000000       0x68
 .debug_str     0x0000000000000000       0x68 ./Startup/startup_stm32.o

.debug_ranges   0x0000000000000000       0x20
 .debug_ranges  0x0000000000000000       0x20 ./Startup/startup_stm32.o

.debug_frame    0x0000000000000000       0x2c
 .debug_frame   0x0000000000000000       0x2c c:/st/stm32cubeide_1.12.0/stm32cubeide/plugins/com.st.stm32cube.ide.mcu.externaltools.gnu-tools-for-stm32.10.3-2021.10.win32_1.0.200.202301161003/tools/bin/../lib/gcc/arm-none-eabi/10.3.1/../../../../arm-none-eabi/lib/thumb/v7e-m/nofp\libc_nano.a(lib_a-init.o)
