
Memory Configuration

Name             Origin             Length             Attributes
FLASH            0x08000000         0x00100000         xr
SRAM             0x20000000         0x00020000         xrw
*default*        0x00000000         0xffffffff

Linker script and memory map

LOAD main.o
LOAD led.o
LOAD stm32_startup.o

.text           0x08000000      0x5f9
 *(.isr_vector)
 *(.text)
 .text          0x08000000      0x4dc main.o
                0x08000000                main
                0x08000030                idle_task
                0x08000038                task1_handler
                0x0800005c                task2_handler
                0x08000080                task3_handler
                0x080000a0                task4_handler
                0x080000c0                init_systick_timer
                0x08000128                init_scheduler_stack
                0x08000132                init_tasks_stack
                0x0800024c                enable_processor_faults
                0x08000288                get_psp_value
                0x080002a8                save_psp_value
                0x080002d0                update_next_task
                0x08000358                switch_sp_to_psp
                0x08000372                schedule
                0x08000398                task_delay
                0x080003f8                PendSV_Handler
                0x0800041e                update_global_tick_count
                0x08000438                unblock_tasks
                0x08000498                SysTick_Handler
                0x080004c4                HardFault_Handler
                0x080004cc                MemManage_Handler
                0x080004d4                BusFault_Handler
 .text          0x080004dc       0xfc led.o
                0x080004dc                delay
                0x08000504                led_init_all
                0x08000578                led_on
                0x080005a8                led_off
 .text          0x080005d8       0x18 stm32_startup.o
                0x080005d8                Reset_Handler
                0x080005e4                HASH_RNG_IRQHandler
                0x080005e4                EXTI2_IRQHandler
                0x080005e4                TIM8_CC_IRQHandler
                0x080005e4                DebugMon_Handler
                0x080005e4                TIM1_CC_IRQHandler
                0x080005e4                DMA2_Stream5_IRQHandler
                0x080005e4                DMA1_Stream5_IRQHandler
                0x080005e4                PVD_IRQHandler
                0x080005e4                SDIO_IRQHandler
                0x080005e4                TAMP_STAMP_IRQHandler
                0x080005e4                NMI_Handler
                0x080005e4                CAN2_RX1_IRQHandler
                0x080005e4                EXTI3_IRQHandler
                0x080005e4                TIM8_TRG_COM_TIM14_IRQHandler
                0x080005e4                TIM1_UP_TIM10_IRQHandler
                0x080005e4                TIM8_UP_TIM13_IRQHandler
                0x080005e4                I2C3_ER_IRQHandler
                0x080005e4                EXTI0_IRQHandler
                0x080005e4                I2C2_EV_IRQHandler
                0x080005e4                DMA1_Stream2_IRQHandler
                0x080005e4                CAN1_RX0_IRQHandler
                0x080005e4                FPU_IRQHandler
                0x080005e4                OTG_HS_WKUP_IRQHandler
                0x080005e4                UsageFault_Handler
                0x080005e4                CAN2_SCE_IRQHandler
                0x080005e4                DMA2_Stream2_IRQHandler
                0x080005e4                SPI1_IRQHandler
                0x080005e4                TIM6_DAC_IRQHandler
                0x080005e4                TIM1_BRK_TIM9_IRQHandler
                0x080005e4                DCMI_IRQHandler
                0x080005e4                CAN2_RX0_IRQHandler
                0x080005e4                DMA2_Stream3_IRQHandler
                0x080005e4                USART6_IRQHandler
                0x080005e4                USART3_IRQHandler
                0x080005e4                CRYP_IRQHandler
                0x080005e4                RTC_Alarm_IRQHandler
                0x080005e4                CAN1_RX1_IRQHandler
                0x080005e4                UART5_IRQHandler
                0x080005e4                DMA2_Stream0_IRQHandler
                0x080005e4                TIM4_IRQHandler
                0x080005e4                I2C1_EV_IRQHandler
                0x080005e4                DMA1_Stream6_IRQHandler
                0x080005e4                DMA1_Stream1_IRQHandler
                0x080005e4                UART4_IRQHandler
                0x080005e4                TIM3_IRQHandler
                0x080005e4                RCC_IRQHandler
                0x080005e4                TIM8_BRK_TIM12_IRQHandler
                0x080005e4                Default_Handler
                0x080005e4                EXTI15_10_IRQHandler
                0x080005e4                ADC_IRQHandler
                0x080005e4                DMA1_Stream7_IRQHandler
                0x080005e4                TIM7_IRQHandler
                0x080005e4                CAN2_TX_IRQHandler
                0x080005e4                TIM5_IRQHandler
                0x080005e4                DMA2_Stream7_IRQHandler
                0x080005e4                I2C3_EV_IRQHandler
                0x080005e4                EXTI9_5_IRQHandler
                0x080005e4                RTC_WKUP_IRQHandler
                0x080005e4                ETH_WKUP_IRQHandler
                0x080005e4                SPI2_IRQHandler
                0x080005e4                OTG_HS_EP1_IN_IRQHandler
                0x080005e4                DMA1_Stream0_IRQHandler
                0x080005e4                CAN1_TX_IRQHandler
                0x080005e4                SVC_Handler
                0x080005e4                EXTI4_IRQHandler
                0x080005e4                FSMC_IRQHandler
                0x080005e4                ETH_IRQHandler
                0x080005e4                OTG_HS_EP1_OUT_IRQHandler
                0x080005e4                WWDG_IRQHandler
                0x080005e4                TIM2_IRQHandler
                0x080005e4                OTG_FS_WKUP_IRQHandler
                0x080005e4                TIM1_TRG_COM_TIM11_IRQHandler
                0x080005e4                OTG_HS_IRQHandler
                0x080005e4                EXTI1_IRQHandler
                0x080005e4                USART2_IRQHandler
                0x080005e4                I2C2_ER_IRQHandler
                0x080005e4                DMA2_Stream1_IRQHandler
                0x080005e4                CAN1_SCE_IRQHandler
                0x080005e4                DMA2_Stream4_IRQHandler
                0x080005e4                USART1_IRQHandler
                0x080005e4                OTG_FS_IRQHandler
                0x080005e4                SPI3_IRQHandler
                0x080005e4                DMA1_Stream4_IRQHandler
                0x080005e4                I2C1_ER_IRQHandler
                0x080005e4                DMA2_Stream6_IRQHandler
                0x080005e4                DMA1_Stream3_IRQHandler
 *(.rodata)
 .rodata        0x080005f0        0x9 main.o
                0x080005f0                const_v_1
                0x080005f4                const_v_2
                0x080005f8                const_V_3
                0x080005f9                _etext = .

.glue_7         0x080005fc        0x0
 .glue_7        0x080005fc        0x0 linker stubs

.glue_7t        0x080005fc        0x0
 .glue_7t       0x080005fc        0x0 linker stubs

.vfp11_veneer   0x080005fc        0x0
 .vfp11_veneer  0x080005fc        0x0 linker stubs

.v4_bx          0x080005fc        0x0
 .v4_bx         0x080005fc        0x0 linker stubs

.iplt           0x080005fc        0x0
 .iplt          0x080005fc        0x0 main.o

.rel.dyn        0x080005fc        0x0
 .rel.iplt      0x080005fc        0x0 main.o

.data           0x20000000      0x18c load address 0x080005f9
                0x20000000                _sdata = .
 *(.data)
 .data          0x20000000        0x1 main.o
                0x20000000                current_task
 .data          0x20000001        0x0 led.o
 *fill*         0x20000001        0x3 
 .data          0x20000004      0x188 stm32_startup.o
                0x20000004                vector
                0x2000018c                _edata = .

.igot.plt       0x2000018c        0x0 load address 0x08000785
 .igot.plt      0x2000018c        0x0 main.o

.bss            0x2000018c       0x54 load address 0x08000785
                0x2000018c                _sbss = .
 *(.bss)
 .bss           0x2000018c       0x54 main.o
                0x2000018c                g_tick_count
                0x20000190                user_tasks
 .bss           0x200001e0        0x0 led.o
 .bss           0x200001e0        0x0 stm32_startup.o
                0x200001e0                _ebss = .
OUTPUT(final.elf elf32-littlearm)
LOAD linker stubs

.comment        0x00000000       0x45
 .comment       0x00000000       0x45 main.o
                                 0x46 (size before relaxing)
 .comment       0x00000045       0x46 led.o
 .comment       0x00000045       0x46 stm32_startup.o

.ARM.attributes
                0x00000000       0x2e
 .ARM.attributes
                0x00000000       0x2e main.o
 .ARM.attributes
                0x0000002e       0x2e led.o
 .ARM.attributes
                0x0000005c       0x2e stm32_startup.o
