../Src/main.c:55:5:main	8	static
../Src/main.c:80:6:idle_task	4	static
../Src/main.c:86:6:task1_handler	8	static
../Src/main.c:99:6:task2_handler	8	static
../Src/main.c:112:6:task3_handler	8	static
../Src/main.c:125:6:task4_handler	8	static
../Src/main.c:141:6:init_systick_timer	32	static
../Src/main.c:164:29:init_scheduler_stack	0	static,ignoring_inline_asm
../Src/main.c:175:6:init_tasks_stack	24	static
../Src/main.c:227:6:enable_processor_faults	16	static
../Src/main.c:237:10:get_psp_value	4	static
../Src/main.c:244:6:save_psp_value	16	static
../Src/main.c:250:6:update_next_task	16	static
../Src/main.c:270:29:switch_sp_to_psp	0	static,ignoring_inline_asm
../Src/main.c:287:6:schedule	16	static
../Src/main.c:298:6:task_delay	16	static,ignoring_inline_asm
../Src/main.c:315:29:PendSV_Handler	0	static,ignoring_inline_asm
../Src/main.c:355:6:update_global_tick_count	4	static
../Src/main.c:360:6:unblock_tasks	16	static
../Src/main.c:377:7:SysTick_Handler	16	static
../Src/main.c:391:6:HardFault_Handler	8	static
../Src/main.c:398:6:MemManage_Handler	8	static
../Src/main.c:404:6:BusFault_Handler	8	static
