11:18:54 **** Incremental Build of configuration Debug for project HSI_Measurement ****
make -j12 all 
arm-none-eabi-gcc "../Src/main.c" -mcpu=cortex-m4 -std=gnu11 -g3 -DDEBUG -DSTM32 -DSTM32F407G_DISC1 -DSTM32F4 -DSTM32F407VGTx -c -I../Inc -O0 -ffunction-sections -fdata-sections -Wall -fstack-usage -fcyclomatic-complexity -MMD -MP -MF"Src/main.d" -MT"Src/main.o" --specs=nano.specs -mfloat-abi=soft -mthumb -o "Src/main.o"
arm-none-eabi-gcc "../Src/syscalls.c" -mcpu=cortex-m4 -std=gnu11 -g3 -DDEBUG -DSTM32 -DSTM32F407G_DISC1 -DSTM32F4 -DSTM32F407VGTx -c -I../Inc -O0 -ffunction-sections -fdata-sections -Wall -fstack-usage -fcyclomatic-complexity -MMD -MP -MF"Src/syscalls.d" -MT"Src/syscalls.o" --specs=nano.specs -mfloat-abi=soft -mthumb -o "Src/syscalls.o"
arm-none-eabi-gcc -o "HSI_Measurement.elf" @"objects.list"   -mcpu=cortex-m4 -T"C:\Users\a1081962\Documents\STM32_MCU\HSI_Measurement\STM32F407VGTX_FLASH.ld" --specs=nosys.specs -Wl,-Map="HSI_Measurement.map" -Wl,--gc-sections -static --specs=nano.specs -mfloat-abi=soft -mthumb -Wl,--start-group -lc -lm -Wl,--end-group
Finished building target: HSI_Measurement.elf
 
arm-none-eabi-size   HSI_Measurement.elf 
arm-none-eabi-objdump -h -S  HSI_Measurement.elf  > "HSI_Measurement.list"
   text	   data	    bss	    dec	    hex	filename
    792	      8	   1568	   2368	    940	HSI_Measurement.elf
Finished building: default.size.stdout
 
Finished building: HSI_Measurement.list
 

11:18:54 Build Finished. 0 errors, 0 warnings. (took 497ms)

