09:38:58 **** Incremental Build of configuration Debug for project Peripheral_Clock ****
make -j12 all 
arm-none-eabi-gcc "../Src/main.c" -mcpu=cortex-m4 -std=gnu11 -g3 -DDEBUG -DSTM32 -DSTM32F407G_DISC1 -DSTM32F4 -DSTM32F407VGTx -c -I../Inc -O0 -ffunction-sections -fdata-sections -Wall -fstack-usage -fcyclomatic-complexity -MMD -MP -MF"Src/main.d" -MT"Src/main.o" --specs=nano.specs -mfloat-abi=soft -mthumb -o "Src/main.o"
arm-none-eabi-gcc -o "Peripheral_Clock.elf" @"objects.list"   -mcpu=cortex-m4 -T"C:\Users\a1081962\Documents\STM32_MCU\Peripheral_Clock\STM32F407VGTX_FLASH.ld" --specs=nosys.specs -Wl,-Map="Peripheral_Clock.map" -Wl,--gc-sections -static --specs=nano.specs -mfloat-abi=soft -mthumb -Wl,--start-group -lc -lm -Wl,--end-group
Finished building target: Peripheral_Clock.elf
 
arm-none-eabi-size   Peripheral_Clock.elf 
arm-none-eabi-objdump -h -S  Peripheral_Clock.elf  > "Peripheral_Clock.list"
   text	   data	    bss	    dec	    hex	filename
    716	      8	   1568	   2292	    8f4	Peripheral_Clock.elf
Finished building: default.size.stdout
 
Finished building: Peripheral_Clock.list
 

09:38:59 Build Finished. 0 errors, 0 warnings. (took 486ms)

